// Jest Snapshot v1, https://goo.gl/fbAQLP

exports[`The GuApiLambda pattern should create the correct resources with minimal config 1`] = `
Object {
  "Outputs": Object {
    "lambdaapi2Endpoint9DFE39DE": Object {
      "Value": Object {
        "Fn::Join": Array [
          "",
          Array [
            "https://",
            Object {
              "Ref": "lambdaapi239350ECC",
            },
            ".execute-api.",
            Object {
              "Ref": "AWS::Region",
            },
            ".",
            Object {
              "Ref": "AWS::URLSuffix",
            },
            "/",
            Object {
              "Ref": "lambdaapi2DeploymentStageprodCC9E3016",
            },
            "/",
          ],
        ],
      },
    },
    "lambdaapiEndpoint3B6C471A": Object {
      "Value": Object {
        "Fn::Join": Array [
          "",
          Array [
            "https://",
            Object {
              "Ref": "lambdaapiC1812993",
            },
            ".execute-api.",
            Object {
              "Ref": "AWS::Region",
            },
            ".",
            Object {
              "Ref": "AWS::URLSuffix",
            },
            "/",
            Object {
              "Ref": "lambdaapiDeploymentStageprod9598BC2F",
            },
            "/",
          ],
        ],
      },
    },
  },
  "Parameters": Object {
    "DistributionBucketName": Object {
      "Default": "/account/services/artifact.bucket",
      "Description": "SSM parameter containing the S3 bucket name holding distribution artifacts",
      "Type": "AWS::SSM::Parameter::Value<String>",
    },
    "Stage": Object {
      "AllowedValues": Array [
        "CODE",
        "PROD",
      ],
      "Default": "CODE",
      "Description": "Stage name",
      "Type": "String",
    },
  },
  "Resources": Object {
    "lambda8B5974B5": Object {
      "DependsOn": Array [
        "lambdaServiceRoleDefaultPolicyBF6FA5E7",
        "lambdaServiceRole494E4CA6",
      ],
      "Properties": Object {
        "Code": Object {
          "S3Bucket": Object {
            "Ref": "DistributionBucketName",
          },
          "S3Key": Object {
            "Fn::Join": Array [
              "",
              Array [
                "test-stack/",
                Object {
                  "Ref": "Stage",
                },
                "/testing/my-app.zip",
              ],
            ],
          },
        },
        "Handler": "handler.ts",
        "MemorySize": 512,
        "Role": Object {
          "Fn::GetAtt": Array [
            "lambdaServiceRole494E4CA6",
            "Arn",
          ],
        },
        "Runtime": "nodejs12.x",
        "Tags": Array [
          Object {
            "Key": "App",
            "Value": "testing",
          },
          Object {
            "Key": "gu:cdk:version",
            "Value": "TEST",
          },
          Object {
            "Key": "gu:repo",
            "Value": "guardian/cdk",
          },
          Object {
            "Key": "Stack",
            "Value": "test-stack",
          },
          Object {
            "Key": "Stage",
            "Value": Object {
              "Ref": "Stage",
            },
          },
        ],
        "Timeout": 30,
      },
      "Type": "AWS::Lambda::Function",
    },
    "lambdaServiceRole494E4CA6": Object {
      "Properties": Object {
        "AssumeRolePolicyDocument": Object {
          "Statement": Array [
            Object {
              "Action": "sts:AssumeRole",
              "Effect": "Allow",
              "Principal": Object {
                "Service": "lambda.amazonaws.com",
              },
            },
          ],
          "Version": "2012-10-17",
        },
        "ManagedPolicyArns": Array [
          Object {
            "Fn::Join": Array [
              "",
              Array [
                "arn:",
                Object {
                  "Ref": "AWS::Partition",
                },
                ":iam::aws:policy/service-role/AWSLambdaBasicExecutionRole",
              ],
            ],
          },
        ],
        "Tags": Array [
          Object {
            "Key": "App",
            "Value": "testing",
          },
          Object {
            "Key": "gu:cdk:version",
            "Value": "TEST",
          },
          Object {
            "Key": "gu:repo",
            "Value": "guardian/cdk",
          },
          Object {
            "Key": "Stack",
            "Value": "test-stack",
          },
          Object {
            "Key": "Stage",
            "Value": Object {
              "Ref": "Stage",
            },
          },
        ],
      },
      "Type": "AWS::IAM::Role",
    },
    "lambdaServiceRoleDefaultPolicyBF6FA5E7": Object {
      "Properties": Object {
        "PolicyDocument": Object {
          "Statement": Array [
            Object {
              "Action": Array [
                "s3:GetObject*",
                "s3:GetBucket*",
                "s3:List*",
              ],
              "Effect": "Allow",
              "Resource": Array [
                Object {
                  "Fn::Join": Array [
                    "",
                    Array [
                      "arn:",
                      Object {
                        "Ref": "AWS::Partition",
                      },
                      ":s3:::",
                      Object {
                        "Ref": "DistributionBucketName",
                      },
                    ],
                  ],
                },
                Object {
                  "Fn::Join": Array [
                    "",
                    Array [
                      "arn:",
                      Object {
                        "Ref": "AWS::Partition",
                      },
                      ":s3:::",
                      Object {
                        "Ref": "DistributionBucketName",
                      },
                      "/*",
                    ],
                  ],
                },
              ],
            },
          ],
          "Version": "2012-10-17",
        },
        "PolicyName": "lambdaServiceRoleDefaultPolicyBF6FA5E7",
        "Roles": Array [
          Object {
            "Ref": "lambdaServiceRole494E4CA6",
          },
        ],
      },
      "Type": "AWS::IAM::Policy",
    },
    "lambdaapi239350ECC": Object {
      "Properties": Object {
        "Description": "this is a test2",
        "Name": "api2",
        "Tags": Array [
          Object {
            "Key": "App",
            "Value": "testing",
          },
          Object {
            "Key": "gu:cdk:version",
            "Value": "TEST",
          },
          Object {
            "Key": "gu:repo",
            "Value": "guardian/cdk",
          },
          Object {
            "Key": "Stack",
            "Value": "test-stack",
          },
          Object {
            "Key": "Stage",
            "Value": Object {
              "Ref": "Stage",
            },
          },
        ],
      },
      "Type": "AWS::ApiGateway::RestApi",
    },
    "lambdaapi2ANYApiPermissionTestTestlambdaapi29FEAC710ANYB2B37DB0": Object {
      "Properties": Object {
        "Action": "lambda:InvokeFunction",
        "FunctionName": Object {
          "Fn::GetAtt": Array [
            "lambda8B5974B5",
            "Arn",
          ],
        },
        "Principal": "apigateway.amazonaws.com",
        "SourceArn": Object {
          "Fn::Join": Array [
            "",
            Array [
              "arn:",
              Object {
                "Ref": "AWS::Partition",
              },
              ":execute-api:",
              Object {
                "Ref": "AWS::Region",
              },
              ":",
              Object {
                "Ref": "AWS::AccountId",
              },
              ":",
              Object {
                "Ref": "lambdaapi239350ECC",
              },
              "/test-invoke-stage/*/",
            ],
          ],
        },
      },
      "Type": "AWS::Lambda::Permission",
    },
    "lambdaapi2ANYApiPermissionTestlambdaapi29FEAC710ANY878BC567": Object {
      "Properties": Object {
        "Action": "lambda:InvokeFunction",
        "FunctionName": Object {
          "Fn::GetAtt": Array [
            "lambda8B5974B5",
            "Arn",
          ],
        },
        "Principal": "apigateway.amazonaws.com",
        "SourceArn": Object {
          "Fn::Join": Array [
            "",
            Array [
              "arn:",
              Object {
                "Ref": "AWS::Partition",
              },
              ":execute-api:",
              Object {
                "Ref": "AWS::Region",
              },
              ":",
              Object {
                "Ref": "AWS::AccountId",
              },
              ":",
              Object {
                "Ref": "lambdaapi239350ECC",
              },
              "/",
              Object {
                "Ref": "lambdaapi2DeploymentStageprodCC9E3016",
              },
              "/*/",
            ],
          ],
        },
      },
      "Type": "AWS::Lambda::Permission",
    },
    "lambdaapi2ANYFE9D5EA6": Object {
      "Properties": Object {
        "AuthorizationType": "NONE",
        "HttpMethod": "ANY",
        "Integration": Object {
          "IntegrationHttpMethod": "POST",
          "Type": "AWS_PROXY",
          "Uri": Object {
            "Fn::Join": Array [
              "",
              Array [
                "arn:",
                Object {
                  "Ref": "AWS::Partition",
                },
                ":apigateway:",
                Object {
                  "Ref": "AWS::Region",
                },
                ":lambda:path/2015-03-31/functions/",
                Object {
                  "Fn::GetAtt": Array [
                    "lambda8B5974B5",
                    "Arn",
                  ],
                },
                "/invocations",
              ],
            ],
          },
        },
        "ResourceId": Object {
          "Fn::GetAtt": Array [
            "lambdaapi239350ECC",
            "RootResourceId",
          ],
        },
        "RestApiId": Object {
          "Ref": "lambdaapi239350ECC",
        },
      },
      "Type": "AWS::ApiGateway::Method",
    },
    "lambdaapi2AccountFAF30ECB": Object {
      "DependsOn": Array [
        "lambdaapi239350ECC",
      ],
      "Properties": Object {
        "CloudWatchRoleArn": Object {
          "Fn::GetAtt": Array [
            "lambdaapi2CloudWatchRole72740AA5",
            "Arn",
          ],
        },
      },
      "Type": "AWS::ApiGateway::Account",
    },
    "lambdaapi2CloudWatchRole72740AA5": Object {
      "Properties": Object {
        "AssumeRolePolicyDocument": Object {
          "Statement": Array [
            Object {
              "Action": "sts:AssumeRole",
              "Effect": "Allow",
              "Principal": Object {
                "Service": "apigateway.amazonaws.com",
              },
            },
          ],
          "Version": "2012-10-17",
        },
        "ManagedPolicyArns": Array [
          Object {
            "Fn::Join": Array [
              "",
              Array [
                "arn:",
                Object {
                  "Ref": "AWS::Partition",
                },
                ":iam::aws:policy/service-role/AmazonAPIGatewayPushToCloudWatchLogs",
              ],
            ],
          },
        ],
        "Tags": Array [
          Object {
            "Key": "App",
            "Value": "testing",
          },
          Object {
            "Key": "gu:cdk:version",
            "Value": "TEST",
          },
          Object {
            "Key": "gu:repo",
            "Value": "guardian/cdk",
          },
          Object {
            "Key": "Stack",
            "Value": "test-stack",
          },
          Object {
            "Key": "Stage",
            "Value": Object {
              "Ref": "Stage",
            },
          },
        ],
      },
      "Type": "AWS::IAM::Role",
    },
    "lambdaapi2Deployment4ECB93733f2a465bd3376b026a790d1cda259491": Object {
      "DependsOn": Array [
        "lambdaapi2proxyANY3F8E1D36",
        "lambdaapi2proxyE68FDFBC",
        "lambdaapi2ANYFE9D5EA6",
      ],
      "Properties": Object {
        "Description": "Automatically created by the RestApi construct",
        "RestApiId": Object {
          "Ref": "lambdaapi239350ECC",
        },
      },
      "Type": "AWS::ApiGateway::Deployment",
    },
    "lambdaapi2DeploymentStageprodCC9E3016": Object {
      "Properties": Object {
        "DeploymentId": Object {
          "Ref": "lambdaapi2Deployment4ECB93733f2a465bd3376b026a790d1cda259491",
        },
        "RestApiId": Object {
          "Ref": "lambdaapi239350ECC",
        },
        "StageName": "prod",
        "Tags": Array [
          Object {
            "Key": "App",
            "Value": "testing",
          },
          Object {
            "Key": "gu:cdk:version",
            "Value": "TEST",
          },
          Object {
            "Key": "gu:repo",
            "Value": "guardian/cdk",
          },
          Object {
            "Key": "Stack",
            "Value": "test-stack",
          },
          Object {
            "Key": "Stage",
            "Value": Object {
              "Ref": "Stage",
            },
          },
        ],
      },
      "Type": "AWS::ApiGateway::Stage",
    },
    "lambdaapi2proxyANY3F8E1D36": Object {
      "Properties": Object {
        "AuthorizationType": "NONE",
        "HttpMethod": "ANY",
        "Integration": Object {
          "IntegrationHttpMethod": "POST",
          "Type": "AWS_PROXY",
          "Uri": Object {
            "Fn::Join": Array [
              "",
              Array [
                "arn:",
                Object {
                  "Ref": "AWS::Partition",
                },
                ":apigateway:",
                Object {
                  "Ref": "AWS::Region",
                },
                ":lambda:path/2015-03-31/functions/",
                Object {
                  "Fn::GetAtt": Array [
                    "lambda8B5974B5",
                    "Arn",
                  ],
                },
                "/invocations",
              ],
            ],
          },
        },
        "ResourceId": Object {
          "Ref": "lambdaapi2proxyE68FDFBC",
        },
        "RestApiId": Object {
          "Ref": "lambdaapi239350ECC",
        },
      },
      "Type": "AWS::ApiGateway::Method",
    },
    "lambdaapi2proxyANYApiPermissionTestTestlambdaapi29FEAC710ANYproxy20D9E3C9": Object {
      "Properties": Object {
        "Action": "lambda:InvokeFunction",
        "FunctionName": Object {
          "Fn::GetAtt": Array [
            "lambda8B5974B5",
            "Arn",
          ],
        },
        "Principal": "apigateway.amazonaws.com",
        "SourceArn": Object {
          "Fn::Join": Array [
            "",
            Array [
              "arn:",
              Object {
                "Ref": "AWS::Partition",
              },
              ":execute-api:",
              Object {
                "Ref": "AWS::Region",
              },
              ":",
              Object {
                "Ref": "AWS::AccountId",
              },
              ":",
              Object {
                "Ref": "lambdaapi239350ECC",
              },
              "/test-invoke-stage/*/*",
            ],
          ],
        },
      },
      "Type": "AWS::Lambda::Permission",
    },
    "lambdaapi2proxyANYApiPermissionTestlambdaapi29FEAC710ANYproxy33429FF8": Object {
      "Properties": Object {
        "Action": "lambda:InvokeFunction",
        "FunctionName": Object {
          "Fn::GetAtt": Array [
            "lambda8B5974B5",
            "Arn",
          ],
        },
        "Principal": "apigateway.amazonaws.com",
        "SourceArn": Object {
          "Fn::Join": Array [
            "",
            Array [
              "arn:",
              Object {
                "Ref": "AWS::Partition",
              },
              ":execute-api:",
              Object {
                "Ref": "AWS::Region",
              },
              ":",
              Object {
                "Ref": "AWS::AccountId",
              },
              ":",
              Object {
                "Ref": "lambdaapi239350ECC",
              },
              "/",
              Object {
                "Ref": "lambdaapi2DeploymentStageprodCC9E3016",
              },
              "/*/*",
            ],
          ],
        },
      },
      "Type": "AWS::Lambda::Permission",
    },
    "lambdaapi2proxyE68FDFBC": Object {
      "Properties": Object {
        "ParentId": Object {
          "Fn::GetAtt": Array [
            "lambdaapi239350ECC",
            "RootResourceId",
          ],
        },
        "PathPart": "{proxy+}",
        "RestApiId": Object {
          "Ref": "lambdaapi239350ECC",
        },
      },
      "Type": "AWS::ApiGateway::Resource",
    },
    "lambdaapiANY4EBCADD1": Object {
      "Properties": Object {
        "AuthorizationType": "NONE",
        "HttpMethod": "ANY",
        "Integration": Object {
          "IntegrationHttpMethod": "POST",
          "Type": "AWS_PROXY",
          "Uri": Object {
            "Fn::Join": Array [
              "",
              Array [
                "arn:",
                Object {
                  "Ref": "AWS::Partition",
                },
                ":apigateway:",
                Object {
                  "Ref": "AWS::Region",
                },
                ":lambda:path/2015-03-31/functions/",
                Object {
                  "Fn::GetAtt": Array [
                    "lambda8B5974B5",
                    "Arn",
                  ],
                },
                "/invocations",
              ],
            ],
          },
        },
        "ResourceId": Object {
          "Fn::GetAtt": Array [
            "lambdaapiC1812993",
            "RootResourceId",
          ],
        },
        "RestApiId": Object {
          "Ref": "lambdaapiC1812993",
        },
      },
      "Type": "AWS::ApiGateway::Method",
    },
    "lambdaapiANYApiPermissionTestTestlambdaapi0E958EEBANY3DF279D1": Object {
      "Properties": Object {
        "Action": "lambda:InvokeFunction",
        "FunctionName": Object {
          "Fn::GetAtt": Array [
            "lambda8B5974B5",
            "Arn",
          ],
        },
        "Principal": "apigateway.amazonaws.com",
        "SourceArn": Object {
          "Fn::Join": Array [
            "",
            Array [
              "arn:",
              Object {
                "Ref": "AWS::Partition",
              },
              ":execute-api:",
              Object {
                "Ref": "AWS::Region",
              },
              ":",
              Object {
                "Ref": "AWS::AccountId",
              },
              ":",
              Object {
                "Ref": "lambdaapiC1812993",
              },
              "/test-invoke-stage/*/",
            ],
          ],
        },
      },
      "Type": "AWS::Lambda::Permission",
    },
    "lambdaapiANYApiPermissionTestlambdaapi0E958EEBANYA0BDE5E2": Object {
      "Properties": Object {
        "Action": "lambda:InvokeFunction",
        "FunctionName": Object {
          "Fn::GetAtt": Array [
            "lambda8B5974B5",
            "Arn",
          ],
        },
        "Principal": "apigateway.amazonaws.com",
        "SourceArn": Object {
          "Fn::Join": Array [
            "",
            Array [
              "arn:",
              Object {
                "Ref": "AWS::Partition",
              },
              ":execute-api:",
              Object {
                "Ref": "AWS::Region",
              },
              ":",
              Object {
                "Ref": "AWS::AccountId",
              },
              ":",
              Object {
                "Ref": "lambdaapiC1812993",
              },
              "/",
              Object {
                "Ref": "lambdaapiDeploymentStageprod9598BC2F",
              },
              "/*/",
            ],
          ],
        },
      },
      "Type": "AWS::Lambda::Permission",
    },
    "lambdaapiAccountAF0DCB01": Object {
      "DependsOn": Array [
        "lambdaapiC1812993",
      ],
      "Properties": Object {
        "CloudWatchRoleArn": Object {
          "Fn::GetAtt": Array [
            "lambdaapiCloudWatchRole7E36513A",
            "Arn",
          ],
        },
      },
      "Type": "AWS::ApiGateway::Account",
    },
    "lambdaapiC1812993": Object {
      "Properties": Object {
        "Description": "this is a test",
        "Name": "api",
        "Tags": Array [
          Object {
            "Key": "App",
            "Value": "testing",
          },
          Object {
            "Key": "gu:cdk:version",
            "Value": "TEST",
          },
          Object {
            "Key": "gu:repo",
            "Value": "guardian/cdk",
          },
          Object {
            "Key": "Stack",
            "Value": "test-stack",
          },
          Object {
            "Key": "Stage",
            "Value": Object {
              "Ref": "Stage",
            },
          },
        ],
      },
      "Type": "AWS::ApiGateway::RestApi",
    },
    "lambdaapiCloudWatchRole7E36513A": Object {
      "Properties": Object {
        "AssumeRolePolicyDocument": Object {
          "Statement": Array [
            Object {
              "Action": "sts:AssumeRole",
              "Effect": "Allow",
              "Principal": Object {
                "Service": "apigateway.amazonaws.com",
              },
            },
          ],
          "Version": "2012-10-17",
        },
        "ManagedPolicyArns": Array [
          Object {
            "Fn::Join": Array [
              "",
              Array [
                "arn:",
                Object {
                  "Ref": "AWS::Partition",
                },
                ":iam::aws:policy/service-role/AmazonAPIGatewayPushToCloudWatchLogs",
              ],
            ],
          },
        ],
        "Tags": Array [
          Object {
            "Key": "App",
            "Value": "testing",
          },
          Object {
            "Key": "gu:cdk:version",
            "Value": "TEST",
          },
          Object {
            "Key": "gu:repo",
            "Value": "guardian/cdk",
          },
          Object {
            "Key": "Stack",
            "Value": "test-stack",
          },
          Object {
            "Key": "Stage",
            "Value": Object {
              "Ref": "Stage",
            },
          },
        ],
      },
      "Type": "AWS::IAM::Role",
    },
    "lambdaapiDeployment8E95B585280b2dd8620eae880b6845467e6ee11e": Object {
      "DependsOn": Array [
        "lambdaapiproxyANYA94E968A",
        "lambdaapiproxyB573C729",
        "lambdaapiANY4EBCADD1",
      ],
      "Properties": Object {
        "Description": "Automatically created by the RestApi construct",
        "RestApiId": Object {
          "Ref": "lambdaapiC1812993",
        },
      },
      "Type": "AWS::ApiGateway::Deployment",
    },
    "lambdaapiDeploymentStageprod9598BC2F": Object {
      "Properties": Object {
        "DeploymentId": Object {
          "Ref": "lambdaapiDeployment8E95B585280b2dd8620eae880b6845467e6ee11e",
        },
        "RestApiId": Object {
          "Ref": "lambdaapiC1812993",
        },
        "StageName": "prod",
        "Tags": Array [
          Object {
            "Key": "App",
            "Value": "testing",
          },
          Object {
            "Key": "gu:cdk:version",
            "Value": "TEST",
          },
          Object {
            "Key": "gu:repo",
            "Value": "guardian/cdk",
          },
          Object {
            "Key": "Stack",
            "Value": "test-stack",
          },
          Object {
            "Key": "Stage",
            "Value": Object {
              "Ref": "Stage",
            },
          },
        ],
      },
      "Type": "AWS::ApiGateway::Stage",
    },
    "lambdaapiproxyANYA94E968A": Object {
      "Properties": Object {
        "AuthorizationType": "NONE",
        "HttpMethod": "ANY",
        "Integration": Object {
          "IntegrationHttpMethod": "POST",
          "Type": "AWS_PROXY",
          "Uri": Object {
            "Fn::Join": Array [
              "",
              Array [
                "arn:",
                Object {
                  "Ref": "AWS::Partition",
                },
                ":apigateway:",
                Object {
                  "Ref": "AWS::Region",
                },
                ":lambda:path/2015-03-31/functions/",
                Object {
                  "Fn::GetAtt": Array [
                    "lambda8B5974B5",
                    "Arn",
                  ],
                },
                "/invocations",
              ],
            ],
          },
        },
        "ResourceId": Object {
          "Ref": "lambdaapiproxyB573C729",
        },
        "RestApiId": Object {
          "Ref": "lambdaapiC1812993",
        },
      },
      "Type": "AWS::ApiGateway::Method",
    },
    "lambdaapiproxyANYApiPermissionTestTestlambdaapi0E958EEBANYproxy716A4EB4": Object {
      "Properties": Object {
        "Action": "lambda:InvokeFunction",
        "FunctionName": Object {
          "Fn::GetAtt": Array [
            "lambda8B5974B5",
            "Arn",
          ],
        },
        "Principal": "apigateway.amazonaws.com",
        "SourceArn": Object {
          "Fn::Join": Array [
            "",
            Array [
              "arn:",
              Object {
                "Ref": "AWS::Partition",
              },
              ":execute-api:",
              Object {
                "Ref": "AWS::Region",
              },
              ":",
              Object {
                "Ref": "AWS::AccountId",
              },
              ":",
              Object {
                "Ref": "lambdaapiC1812993",
              },
              "/test-invoke-stage/*/*",
            ],
          ],
        },
      },
      "Type": "AWS::Lambda::Permission",
    },
    "lambdaapiproxyANYApiPermissionTestlambdaapi0E958EEBANYproxy81BB250D": Object {
      "Properties": Object {
        "Action": "lambda:InvokeFunction",
        "FunctionName": Object {
          "Fn::GetAtt": Array [
            "lambda8B5974B5",
            "Arn",
          ],
        },
        "Principal": "apigateway.amazonaws.com",
        "SourceArn": Object {
          "Fn::Join": Array [
            "",
            Array [
              "arn:",
              Object {
                "Ref": "AWS::Partition",
              },
              ":execute-api:",
              Object {
                "Ref": "AWS::Region",
              },
              ":",
              Object {
                "Ref": "AWS::AccountId",
              },
              ":",
              Object {
                "Ref": "lambdaapiC1812993",
              },
              "/",
              Object {
                "Ref": "lambdaapiDeploymentStageprod9598BC2F",
              },
              "/*/*",
            ],
          ],
        },
      },
      "Type": "AWS::Lambda::Permission",
    },
    "lambdaapiproxyB573C729": Object {
      "Properties": Object {
        "ParentId": Object {
          "Fn::GetAtt": Array [
            "lambdaapiC1812993",
            "RootResourceId",
          ],
        },
        "PathPart": "{proxy+}",
        "RestApiId": Object {
          "Ref": "lambdaapiC1812993",
        },
      },
      "Type": "AWS::ApiGateway::Resource",
    },
  },
}
`;
