// Jest Snapshot v1, https://goo.gl/fbAQLP

exports[`The GuApiGatewayWithLambdaByPath pattern should create the correct resources with minimal config 1`] = `
Object {
  "Outputs": Object {
    "RestApiEndpoint0551178A": Object {
      "Value": Object {
        "Fn::Join": Array [
          "",
          Array [
            "https://",
            Object {
              "Ref": "RestApi0C43BF4B",
            },
            ".execute-api.",
            Object {
              "Ref": "AWS::Region",
            },
            ".",
            Object {
              "Ref": "AWS::URLSuffix",
            },
            "/",
            Object {
              "Ref": "RestApiDeploymentStageprod3855DE66",
            },
            "/",
          ],
        ],
      },
    },
  },
  "Parameters": Object {
    "DistributionBucketName": Object {
      "Default": "/account/services/artifact.bucket",
      "Description": "SSM parameter containing the S3 bucket name holding distribution artifacts",
      "Type": "AWS::SSM::Parameter::Value<String>",
    },
  },
  "Resources": Object {
    "RestApi0C43BF4B": Object {
      "Properties": Object {
        "Name": "RestApi",
        "Tags": Array [
          Object {
            "Key": "gu:cdk:version",
            "Value": "TEST",
          },
          Object {
            "Key": "gu:repo",
            "Value": "guardian/cdk",
          },
          Object {
            "Key": "Stack",
            "Value": "test-stack",
          },
          Object {
            "Key": "Stage",
            "Value": "TEST",
          },
        ],
      },
      "Type": "AWS::ApiGateway::RestApi",
    },
    "RestApiAccount7C83CF5A": Object {
      "DependsOn": Array [
        "RestApi0C43BF4B",
      ],
      "Properties": Object {
        "CloudWatchRoleArn": Object {
          "Fn::GetAtt": Array [
            "RestApiCloudWatchRoleE3ED6605",
            "Arn",
          ],
        },
      },
      "Type": "AWS::ApiGateway::Account",
    },
    "RestApiCloudWatchRoleE3ED6605": Object {
      "Properties": Object {
        "AssumeRolePolicyDocument": Object {
          "Statement": Array [
            Object {
              "Action": "sts:AssumeRole",
              "Effect": "Allow",
              "Principal": Object {
                "Service": "apigateway.amazonaws.com",
              },
            },
          ],
          "Version": "2012-10-17",
        },
        "ManagedPolicyArns": Array [
          Object {
            "Fn::Join": Array [
              "",
              Array [
                "arn:",
                Object {
                  "Ref": "AWS::Partition",
                },
                ":iam::aws:policy/service-role/AmazonAPIGatewayPushToCloudWatchLogs",
              ],
            ],
          },
        ],
        "Tags": Array [
          Object {
            "Key": "gu:cdk:version",
            "Value": "TEST",
          },
          Object {
            "Key": "gu:repo",
            "Value": "guardian/cdk",
          },
          Object {
            "Key": "Stack",
            "Value": "test-stack",
          },
          Object {
            "Key": "Stage",
            "Value": "TEST",
          },
        ],
      },
      "Type": "AWS::IAM::Role",
    },
    "RestApiDeployment180EC503e2055c66dc05268b5b65cc031aa8159e": Object {
      "DependsOn": Array [
        "RestApitestalongpathGET4832AA08",
        "RestApitestalongpath289D7A7A",
        "RestApitestalong4FF54021",
        "RestApitesta85B86F6B",
        "RestApitestGET8B10FED0",
        "RestApitestPOSTEE6B79A5",
        "RestApitest9059D171",
      ],
      "Properties": Object {
        "Description": "Automatically created by the RestApi construct",
        "RestApiId": Object {
          "Ref": "RestApi0C43BF4B",
        },
      },
      "Type": "AWS::ApiGateway::Deployment",
    },
    "RestApiDeploymentStageprod3855DE66": Object {
      "DependsOn": Array [
        "RestApiAccount7C83CF5A",
      ],
      "Properties": Object {
        "DeploymentId": Object {
          "Ref": "RestApiDeployment180EC503e2055c66dc05268b5b65cc031aa8159e",
        },
        "RestApiId": Object {
          "Ref": "RestApi0C43BF4B",
        },
        "StageName": "prod",
        "Tags": Array [
          Object {
            "Key": "gu:cdk:version",
            "Value": "TEST",
          },
          Object {
            "Key": "gu:repo",
            "Value": "guardian/cdk",
          },
          Object {
            "Key": "Stack",
            "Value": "test-stack",
          },
          Object {
            "Key": "Stage",
            "Value": "TEST",
          },
        ],
      },
      "Type": "AWS::ApiGateway::Stage",
    },
    "RestApitest9059D171": Object {
      "Properties": Object {
        "ParentId": Object {
          "Fn::GetAtt": Array [
            "RestApi0C43BF4B",
            "RootResourceId",
          ],
        },
        "PathPart": "test",
        "RestApiId": Object {
          "Ref": "RestApi0C43BF4B",
        },
      },
      "Type": "AWS::ApiGateway::Resource",
    },
    "RestApitestGET8B10FED0": Object {
      "Properties": Object {
        "AuthorizationType": "NONE",
        "HttpMethod": "GET",
        "Integration": Object {
          "IntegrationHttpMethod": "POST",
          "Type": "AWS_PROXY",
          "Uri": Object {
            "Fn::Join": Array [
              "",
              Array [
                "arn:",
                Object {
                  "Ref": "AWS::Partition",
                },
                ":apigateway:",
                Object {
                  "Ref": "AWS::Region",
                },
                ":lambda:path/2015-03-31/functions/",
                Object {
                  "Fn::GetAtt": Array [
                    "lambdaoneA536F07A",
                    "Arn",
                  ],
                },
                "/invocations",
              ],
            ],
          },
        },
        "ResourceId": Object {
          "Ref": "RestApitest9059D171",
        },
        "RestApiId": Object {
          "Ref": "RestApi0C43BF4B",
        },
      },
      "Type": "AWS::ApiGateway::Method",
    },
    "RestApitestGETApiPermissionTestRestApiF6F94545GETtest8BC9DFDB": Object {
      "Properties": Object {
        "Action": "lambda:InvokeFunction",
        "FunctionName": Object {
          "Fn::GetAtt": Array [
            "lambdaoneA536F07A",
            "Arn",
          ],
        },
        "Principal": "apigateway.amazonaws.com",
        "SourceArn": Object {
          "Fn::Join": Array [
            "",
            Array [
              "arn:",
              Object {
                "Ref": "AWS::Partition",
              },
              ":execute-api:",
              Object {
                "Ref": "AWS::Region",
              },
              ":",
              Object {
                "Ref": "AWS::AccountId",
              },
              ":",
              Object {
                "Ref": "RestApi0C43BF4B",
              },
              "/",
              Object {
                "Ref": "RestApiDeploymentStageprod3855DE66",
              },
              "/GET/test",
            ],
          ],
        },
      },
      "Type": "AWS::Lambda::Permission",
    },
    "RestApitestGETApiPermissionTestTestRestApiF6F94545GETtest527F1C3C": Object {
      "Properties": Object {
        "Action": "lambda:InvokeFunction",
        "FunctionName": Object {
          "Fn::GetAtt": Array [
            "lambdaoneA536F07A",
            "Arn",
          ],
        },
        "Principal": "apigateway.amazonaws.com",
        "SourceArn": Object {
          "Fn::Join": Array [
            "",
            Array [
              "arn:",
              Object {
                "Ref": "AWS::Partition",
              },
              ":execute-api:",
              Object {
                "Ref": "AWS::Region",
              },
              ":",
              Object {
                "Ref": "AWS::AccountId",
              },
              ":",
              Object {
                "Ref": "RestApi0C43BF4B",
              },
              "/test-invoke-stage/GET/test",
            ],
          ],
        },
      },
      "Type": "AWS::Lambda::Permission",
    },
    "RestApitestPOSTApiPermissionTestRestApiF6F94545POSTtestD5FD5238": Object {
      "Properties": Object {
        "Action": "lambda:InvokeFunction",
        "FunctionName": Object {
          "Fn::GetAtt": Array [
            "lambdatwoAFC8CEF1",
            "Arn",
          ],
        },
        "Principal": "apigateway.amazonaws.com",
        "SourceArn": Object {
          "Fn::Join": Array [
            "",
            Array [
              "arn:",
              Object {
                "Ref": "AWS::Partition",
              },
              ":execute-api:",
              Object {
                "Ref": "AWS::Region",
              },
              ":",
              Object {
                "Ref": "AWS::AccountId",
              },
              ":",
              Object {
                "Ref": "RestApi0C43BF4B",
              },
              "/",
              Object {
                "Ref": "RestApiDeploymentStageprod3855DE66",
              },
              "/POST/test",
            ],
          ],
        },
      },
      "Type": "AWS::Lambda::Permission",
    },
    "RestApitestPOSTApiPermissionTestTestRestApiF6F94545POSTtestAFABFBBC": Object {
      "Properties": Object {
        "Action": "lambda:InvokeFunction",
        "FunctionName": Object {
          "Fn::GetAtt": Array [
            "lambdatwoAFC8CEF1",
            "Arn",
          ],
        },
        "Principal": "apigateway.amazonaws.com",
        "SourceArn": Object {
          "Fn::Join": Array [
            "",
            Array [
              "arn:",
              Object {
                "Ref": "AWS::Partition",
              },
              ":execute-api:",
              Object {
                "Ref": "AWS::Region",
              },
              ":",
              Object {
                "Ref": "AWS::AccountId",
              },
              ":",
              Object {
                "Ref": "RestApi0C43BF4B",
              },
              "/test-invoke-stage/POST/test",
            ],
          ],
        },
      },
      "Type": "AWS::Lambda::Permission",
    },
    "RestApitestPOSTEE6B79A5": Object {
      "Properties": Object {
        "AuthorizationType": "NONE",
        "HttpMethod": "POST",
        "Integration": Object {
          "IntegrationHttpMethod": "POST",
          "Type": "AWS_PROXY",
          "Uri": Object {
            "Fn::Join": Array [
              "",
              Array [
                "arn:",
                Object {
                  "Ref": "AWS::Partition",
                },
                ":apigateway:",
                Object {
                  "Ref": "AWS::Region",
                },
                ":lambda:path/2015-03-31/functions/",
                Object {
                  "Fn::GetAtt": Array [
                    "lambdatwoAFC8CEF1",
                    "Arn",
                  ],
                },
                "/invocations",
              ],
            ],
          },
        },
        "ResourceId": Object {
          "Ref": "RestApitest9059D171",
        },
        "RestApiId": Object {
          "Ref": "RestApi0C43BF4B",
        },
      },
      "Type": "AWS::ApiGateway::Method",
    },
    "RestApitesta85B86F6B": Object {
      "Properties": Object {
        "ParentId": Object {
          "Ref": "RestApitest9059D171",
        },
        "PathPart": "a",
        "RestApiId": Object {
          "Ref": "RestApi0C43BF4B",
        },
      },
      "Type": "AWS::ApiGateway::Resource",
    },
    "RestApitestalong4FF54021": Object {
      "Properties": Object {
        "ParentId": Object {
          "Ref": "RestApitesta85B86F6B",
        },
        "PathPart": "long",
        "RestApiId": Object {
          "Ref": "RestApi0C43BF4B",
        },
      },
      "Type": "AWS::ApiGateway::Resource",
    },
    "RestApitestalongpath289D7A7A": Object {
      "Properties": Object {
        "ParentId": Object {
          "Ref": "RestApitestalong4FF54021",
        },
        "PathPart": "path",
        "RestApiId": Object {
          "Ref": "RestApi0C43BF4B",
        },
      },
      "Type": "AWS::ApiGateway::Resource",
    },
    "RestApitestalongpathGET4832AA08": Object {
      "Properties": Object {
        "AuthorizationType": "NONE",
        "HttpMethod": "GET",
        "Integration": Object {
          "IntegrationHttpMethod": "POST",
          "Type": "AWS_PROXY",
          "Uri": Object {
            "Fn::Join": Array [
              "",
              Array [
                "arn:",
                Object {
                  "Ref": "AWS::Partition",
                },
                ":apigateway:",
                Object {
                  "Ref": "AWS::Region",
                },
                ":lambda:path/2015-03-31/functions/",
                Object {
                  "Fn::GetAtt": Array [
                    "lambdathreeD95CE916",
                    "Arn",
                  ],
                },
                "/invocations",
              ],
            ],
          },
        },
        "ResourceId": Object {
          "Ref": "RestApitestalongpath289D7A7A",
        },
        "RestApiId": Object {
          "Ref": "RestApi0C43BF4B",
        },
      },
      "Type": "AWS::ApiGateway::Method",
    },
    "RestApitestalongpathGETApiPermissionTestRestApiF6F94545GETtestalongpathCF22897B": Object {
      "Properties": Object {
        "Action": "lambda:InvokeFunction",
        "FunctionName": Object {
          "Fn::GetAtt": Array [
            "lambdathreeD95CE916",
            "Arn",
          ],
        },
        "Principal": "apigateway.amazonaws.com",
        "SourceArn": Object {
          "Fn::Join": Array [
            "",
            Array [
              "arn:",
              Object {
                "Ref": "AWS::Partition",
              },
              ":execute-api:",
              Object {
                "Ref": "AWS::Region",
              },
              ":",
              Object {
                "Ref": "AWS::AccountId",
              },
              ":",
              Object {
                "Ref": "RestApi0C43BF4B",
              },
              "/",
              Object {
                "Ref": "RestApiDeploymentStageprod3855DE66",
              },
              "/GET/test/a/long/path",
            ],
          ],
        },
      },
      "Type": "AWS::Lambda::Permission",
    },
    "RestApitestalongpathGETApiPermissionTestTestRestApiF6F94545GETtestalongpath6D81747A": Object {
      "Properties": Object {
        "Action": "lambda:InvokeFunction",
        "FunctionName": Object {
          "Fn::GetAtt": Array [
            "lambdathreeD95CE916",
            "Arn",
          ],
        },
        "Principal": "apigateway.amazonaws.com",
        "SourceArn": Object {
          "Fn::Join": Array [
            "",
            Array [
              "arn:",
              Object {
                "Ref": "AWS::Partition",
              },
              ":execute-api:",
              Object {
                "Ref": "AWS::Region",
              },
              ":",
              Object {
                "Ref": "AWS::AccountId",
              },
              ":",
              Object {
                "Ref": "RestApi0C43BF4B",
              },
              "/test-invoke-stage/GET/test/a/long/path",
            ],
          ],
        },
      },
      "Type": "AWS::Lambda::Permission",
    },
    "lambdaoneA536F07A": Object {
      "DependsOn": Array [
        "lambdaoneServiceRoleDefaultPolicy8CBB4D33",
        "lambdaoneServiceRoleE392ADEE",
      ],
      "Properties": Object {
        "Code": Object {
          "S3Bucket": Object {
            "Ref": "DistributionBucketName",
          },
          "S3Key": "test-stack/TEST/testing/my-app-1.zip",
        },
        "Environment": Object {
          "Variables": Object {
            "APP": "testing",
            "STACK": "test-stack",
            "STAGE": "TEST",
          },
        },
        "Handler": "handler.ts",
        "MemorySize": 512,
        "Role": Object {
          "Fn::GetAtt": Array [
            "lambdaoneServiceRoleE392ADEE",
            "Arn",
          ],
        },
        "Runtime": "nodejs14.x",
        "Tags": Array [
          Object {
            "Key": "App",
            "Value": "testing",
          },
          Object {
            "Key": "gu:cdk:version",
            "Value": "TEST",
          },
          Object {
            "Key": "gu:repo",
            "Value": "guardian/cdk",
          },
          Object {
            "Key": "Stack",
            "Value": "test-stack",
          },
          Object {
            "Key": "Stage",
            "Value": "TEST",
          },
        ],
        "Timeout": 30,
      },
      "Type": "AWS::Lambda::Function",
    },
    "lambdaoneServiceRoleDefaultPolicy8CBB4D33": Object {
      "Properties": Object {
        "PolicyDocument": Object {
          "Statement": Array [
            Object {
              "Action": Array [
                "s3:GetObject*",
                "s3:GetBucket*",
                "s3:List*",
              ],
              "Effect": "Allow",
              "Resource": Array [
                Object {
                  "Fn::Join": Array [
                    "",
                    Array [
                      "arn:",
                      Object {
                        "Ref": "AWS::Partition",
                      },
                      ":s3:::",
                      Object {
                        "Ref": "DistributionBucketName",
                      },
                    ],
                  ],
                },
                Object {
                  "Fn::Join": Array [
                    "",
                    Array [
                      "arn:",
                      Object {
                        "Ref": "AWS::Partition",
                      },
                      ":s3:::",
                      Object {
                        "Ref": "DistributionBucketName",
                      },
                      "/*",
                    ],
                  ],
                },
              ],
            },
            Object {
              "Action": "ssm:GetParametersByPath",
              "Effect": "Allow",
              "Resource": Object {
                "Fn::Join": Array [
                  "",
                  Array [
                    "arn:aws:ssm:",
                    Object {
                      "Ref": "AWS::Region",
                    },
                    ":",
                    Object {
                      "Ref": "AWS::AccountId",
                    },
                    ":parameter/TEST/test-stack/testing",
                  ],
                ],
              },
            },
            Object {
              "Action": Array [
                "ssm:GetParameters",
                "ssm:GetParameter",
              ],
              "Effect": "Allow",
              "Resource": Object {
                "Fn::Join": Array [
                  "",
                  Array [
                    "arn:aws:ssm:",
                    Object {
                      "Ref": "AWS::Region",
                    },
                    ":",
                    Object {
                      "Ref": "AWS::AccountId",
                    },
                    ":parameter/TEST/test-stack/testing/*",
                  ],
                ],
              },
            },
          ],
          "Version": "2012-10-17",
        },
        "PolicyName": "lambdaoneServiceRoleDefaultPolicy8CBB4D33",
        "Roles": Array [
          Object {
            "Ref": "lambdaoneServiceRoleE392ADEE",
          },
        ],
      },
      "Type": "AWS::IAM::Policy",
    },
    "lambdaoneServiceRoleE392ADEE": Object {
      "Properties": Object {
        "AssumeRolePolicyDocument": Object {
          "Statement": Array [
            Object {
              "Action": "sts:AssumeRole",
              "Effect": "Allow",
              "Principal": Object {
                "Service": "lambda.amazonaws.com",
              },
            },
          ],
          "Version": "2012-10-17",
        },
        "ManagedPolicyArns": Array [
          Object {
            "Fn::Join": Array [
              "",
              Array [
                "arn:",
                Object {
                  "Ref": "AWS::Partition",
                },
                ":iam::aws:policy/service-role/AWSLambdaBasicExecutionRole",
              ],
            ],
          },
        ],
        "Tags": Array [
          Object {
            "Key": "App",
            "Value": "testing",
          },
          Object {
            "Key": "gu:cdk:version",
            "Value": "TEST",
          },
          Object {
            "Key": "gu:repo",
            "Value": "guardian/cdk",
          },
          Object {
            "Key": "Stack",
            "Value": "test-stack",
          },
          Object {
            "Key": "Stage",
            "Value": "TEST",
          },
        ],
      },
      "Type": "AWS::IAM::Role",
    },
    "lambdathreeD95CE916": Object {
      "DependsOn": Array [
        "lambdathreeServiceRoleDefaultPolicy6BB3377A",
        "lambdathreeServiceRole04701A6A",
      ],
      "Properties": Object {
        "Code": Object {
          "S3Bucket": Object {
            "Ref": "DistributionBucketName",
          },
          "S3Key": "test-stack/TEST/testing/my-app-3.zip",
        },
        "Environment": Object {
          "Variables": Object {
            "APP": "testing",
            "STACK": "test-stack",
            "STAGE": "TEST",
          },
        },
        "Handler": "handler.ts",
        "MemorySize": 512,
        "Role": Object {
          "Fn::GetAtt": Array [
            "lambdathreeServiceRole04701A6A",
            "Arn",
          ],
        },
        "Runtime": "nodejs14.x",
        "Tags": Array [
          Object {
            "Key": "App",
            "Value": "testing",
          },
          Object {
            "Key": "gu:cdk:version",
            "Value": "TEST",
          },
          Object {
            "Key": "gu:repo",
            "Value": "guardian/cdk",
          },
          Object {
            "Key": "Stack",
            "Value": "test-stack",
          },
          Object {
            "Key": "Stage",
            "Value": "TEST",
          },
        ],
        "Timeout": 30,
      },
      "Type": "AWS::Lambda::Function",
    },
    "lambdathreeServiceRole04701A6A": Object {
      "Properties": Object {
        "AssumeRolePolicyDocument": Object {
          "Statement": Array [
            Object {
              "Action": "sts:AssumeRole",
              "Effect": "Allow",
              "Principal": Object {
                "Service": "lambda.amazonaws.com",
              },
            },
          ],
          "Version": "2012-10-17",
        },
        "ManagedPolicyArns": Array [
          Object {
            "Fn::Join": Array [
              "",
              Array [
                "arn:",
                Object {
                  "Ref": "AWS::Partition",
                },
                ":iam::aws:policy/service-role/AWSLambdaBasicExecutionRole",
              ],
            ],
          },
        ],
        "Tags": Array [
          Object {
            "Key": "App",
            "Value": "testing",
          },
          Object {
            "Key": "gu:cdk:version",
            "Value": "TEST",
          },
          Object {
            "Key": "gu:repo",
            "Value": "guardian/cdk",
          },
          Object {
            "Key": "Stack",
            "Value": "test-stack",
          },
          Object {
            "Key": "Stage",
            "Value": "TEST",
          },
        ],
      },
      "Type": "AWS::IAM::Role",
    },
    "lambdathreeServiceRoleDefaultPolicy6BB3377A": Object {
      "Properties": Object {
        "PolicyDocument": Object {
          "Statement": Array [
            Object {
              "Action": Array [
                "s3:GetObject*",
                "s3:GetBucket*",
                "s3:List*",
              ],
              "Effect": "Allow",
              "Resource": Array [
                Object {
                  "Fn::Join": Array [
                    "",
                    Array [
                      "arn:",
                      Object {
                        "Ref": "AWS::Partition",
                      },
                      ":s3:::",
                      Object {
                        "Ref": "DistributionBucketName",
                      },
                    ],
                  ],
                },
                Object {
                  "Fn::Join": Array [
                    "",
                    Array [
                      "arn:",
                      Object {
                        "Ref": "AWS::Partition",
                      },
                      ":s3:::",
                      Object {
                        "Ref": "DistributionBucketName",
                      },
                      "/*",
                    ],
                  ],
                },
              ],
            },
            Object {
              "Action": "ssm:GetParametersByPath",
              "Effect": "Allow",
              "Resource": Object {
                "Fn::Join": Array [
                  "",
                  Array [
                    "arn:aws:ssm:",
                    Object {
                      "Ref": "AWS::Region",
                    },
                    ":",
                    Object {
                      "Ref": "AWS::AccountId",
                    },
                    ":parameter/TEST/test-stack/testing",
                  ],
                ],
              },
            },
            Object {
              "Action": Array [
                "ssm:GetParameters",
                "ssm:GetParameter",
              ],
              "Effect": "Allow",
              "Resource": Object {
                "Fn::Join": Array [
                  "",
                  Array [
                    "arn:aws:ssm:",
                    Object {
                      "Ref": "AWS::Region",
                    },
                    ":",
                    Object {
                      "Ref": "AWS::AccountId",
                    },
                    ":parameter/TEST/test-stack/testing/*",
                  ],
                ],
              },
            },
          ],
          "Version": "2012-10-17",
        },
        "PolicyName": "lambdathreeServiceRoleDefaultPolicy6BB3377A",
        "Roles": Array [
          Object {
            "Ref": "lambdathreeServiceRole04701A6A",
          },
        ],
      },
      "Type": "AWS::IAM::Policy",
    },
    "lambdatwoAFC8CEF1": Object {
      "DependsOn": Array [
        "lambdatwoServiceRoleDefaultPolicy36A183D7",
        "lambdatwoServiceRole49D91DB3",
      ],
      "Properties": Object {
        "Code": Object {
          "S3Bucket": Object {
            "Ref": "DistributionBucketName",
          },
          "S3Key": "test-stack/TEST/testing/my-app-2.zip",
        },
        "Environment": Object {
          "Variables": Object {
            "APP": "testing",
            "STACK": "test-stack",
            "STAGE": "TEST",
          },
        },
        "Handler": "handler.ts",
        "MemorySize": 512,
        "Role": Object {
          "Fn::GetAtt": Array [
            "lambdatwoServiceRole49D91DB3",
            "Arn",
          ],
        },
        "Runtime": "nodejs14.x",
        "Tags": Array [
          Object {
            "Key": "App",
            "Value": "testing",
          },
          Object {
            "Key": "gu:cdk:version",
            "Value": "TEST",
          },
          Object {
            "Key": "gu:repo",
            "Value": "guardian/cdk",
          },
          Object {
            "Key": "Stack",
            "Value": "test-stack",
          },
          Object {
            "Key": "Stage",
            "Value": "TEST",
          },
        ],
        "Timeout": 30,
      },
      "Type": "AWS::Lambda::Function",
    },
    "lambdatwoServiceRole49D91DB3": Object {
      "Properties": Object {
        "AssumeRolePolicyDocument": Object {
          "Statement": Array [
            Object {
              "Action": "sts:AssumeRole",
              "Effect": "Allow",
              "Principal": Object {
                "Service": "lambda.amazonaws.com",
              },
            },
          ],
          "Version": "2012-10-17",
        },
        "ManagedPolicyArns": Array [
          Object {
            "Fn::Join": Array [
              "",
              Array [
                "arn:",
                Object {
                  "Ref": "AWS::Partition",
                },
                ":iam::aws:policy/service-role/AWSLambdaBasicExecutionRole",
              ],
            ],
          },
        ],
        "Tags": Array [
          Object {
            "Key": "App",
            "Value": "testing",
          },
          Object {
            "Key": "gu:cdk:version",
            "Value": "TEST",
          },
          Object {
            "Key": "gu:repo",
            "Value": "guardian/cdk",
          },
          Object {
            "Key": "Stack",
            "Value": "test-stack",
          },
          Object {
            "Key": "Stage",
            "Value": "TEST",
          },
        ],
      },
      "Type": "AWS::IAM::Role",
    },
    "lambdatwoServiceRoleDefaultPolicy36A183D7": Object {
      "Properties": Object {
        "PolicyDocument": Object {
          "Statement": Array [
            Object {
              "Action": Array [
                "s3:GetObject*",
                "s3:GetBucket*",
                "s3:List*",
              ],
              "Effect": "Allow",
              "Resource": Array [
                Object {
                  "Fn::Join": Array [
                    "",
                    Array [
                      "arn:",
                      Object {
                        "Ref": "AWS::Partition",
                      },
                      ":s3:::",
                      Object {
                        "Ref": "DistributionBucketName",
                      },
                    ],
                  ],
                },
                Object {
                  "Fn::Join": Array [
                    "",
                    Array [
                      "arn:",
                      Object {
                        "Ref": "AWS::Partition",
                      },
                      ":s3:::",
                      Object {
                        "Ref": "DistributionBucketName",
                      },
                      "/*",
                    ],
                  ],
                },
              ],
            },
            Object {
              "Action": "ssm:GetParametersByPath",
              "Effect": "Allow",
              "Resource": Object {
                "Fn::Join": Array [
                  "",
                  Array [
                    "arn:aws:ssm:",
                    Object {
                      "Ref": "AWS::Region",
                    },
                    ":",
                    Object {
                      "Ref": "AWS::AccountId",
                    },
                    ":parameter/TEST/test-stack/testing",
                  ],
                ],
              },
            },
            Object {
              "Action": Array [
                "ssm:GetParameters",
                "ssm:GetParameter",
              ],
              "Effect": "Allow",
              "Resource": Object {
                "Fn::Join": Array [
                  "",
                  Array [
                    "arn:aws:ssm:",
                    Object {
                      "Ref": "AWS::Region",
                    },
                    ":",
                    Object {
                      "Ref": "AWS::AccountId",
                    },
                    ":parameter/TEST/test-stack/testing/*",
                  ],
                ],
              },
            },
          ],
          "Version": "2012-10-17",
        },
        "PolicyName": "lambdatwoServiceRoleDefaultPolicy36A183D7",
        "Roles": Array [
          Object {
            "Ref": "lambdatwoServiceRole49D91DB3",
          },
        ],
      },
      "Type": "AWS::IAM::Policy",
    },
  },
}
`;
