// Jest Snapshot v1, https://goo.gl/fbAQLP

exports[`The GuFastlyKinesisLogRole construct correctly wires up the policy 1`] = `
{
  "Conditions": {
    "AwsCdkKinesisEncryptedStreamsUnsupportedRegions": {
      "Fn::Or": [
        {
          "Fn::Equals": [
            {
              "Ref": "AWS::Region",
            },
            "cn-north-1",
          ],
        },
        {
          "Fn::Equals": [
            {
              "Ref": "AWS::Region",
            },
            "cn-northwest-1",
          ],
        },
      ],
    },
  },
  "Metadata": {
    "gu:cdk:constructs": [
      "GuStack",
      "GuKinesisStream",
      "GuFastlyCustomerIdParameter",
      "GuFastlyKinesisLogRoleExperimental",
      "GuKinesisPutRecordsPolicyExperimental",
    ],
    "gu:cdk:version": "TEST",
  },
  "Parameters": {
    "FastlyCustomerId": {
      "Default": "/account/external/fastly/customer.id",
      "Description": "SSM parameter containing the Fastly Customer ID. Can be obtained from https://manage.fastly.com/account/company by an admin",
      "Type": "AWS::SSM::Parameter::Value<String>",
    },
  },
  "Resources": {
    "GuKinesisPutRecordsPolicy28D5CD2D": {
      "Properties": {
        "PolicyDocument": {
          "Statement": [
            {
              "Action": [
                "kinesis:PutRecords",
                "kinesis:ListShards",
              ],
              "Effect": "Allow",
              "Resource": {
                "Fn::GetAtt": [
                  "testStream8BCA7523",
                  "Arn",
                ],
              },
            },
          ],
          "Version": "2012-10-17",
        },
        "PolicyName": "GuKinesisPutRecordsPolicy28D5CD2D",
        "Roles": [
          {
            "Ref": "testKinesisLogRole5E3B33EE",
          },
        ],
      },
      "Type": "AWS::IAM::Policy",
    },
    "testKinesisLogRole5E3B33EE": {
      "Properties": {
        "AssumeRolePolicyDocument": {
          "Statement": [
            {
              "Action": "sts:AssumeRole",
              "Condition": {
                "StringEquals": {
                  "sts:ExternalId": {
                    "Ref": "FastlyCustomerId",
                  },
                },
              },
              "Effect": "Allow",
              "Principal": {
                "AWS": {
                  "Fn::Join": [
                    "",
                    [
                      "arn:",
                      {
                        "Ref": "AWS::Partition",
                      },
                      ":iam::717331877981:root",
                    ],
                  ],
                },
              },
            },
          ],
          "Version": "2012-10-17",
        },
        "RoleName": "writeToKinesisRoleTest",
        "Tags": [
          {
            "Key": "gu:cdk:version",
            "Value": "TEST",
          },
          {
            "Key": "gu:repo",
            "Value": "guardian/cdk",
          },
          {
            "Key": "Stack",
            "Value": "test-stack",
          },
          {
            "Key": "Stage",
            "Value": "TEST",
          },
        ],
      },
      "Type": "AWS::IAM::Role",
    },
    "testStream8BCA7523": {
      "Properties": {
        "RetentionPeriodHours": 24,
        "ShardCount": 1,
        "StreamEncryption": {
          "Fn::If": [
            "AwsCdkKinesisEncryptedStreamsUnsupportedRegions",
            {
              "Ref": "AWS::NoValue",
            },
            {
              "EncryptionType": "KMS",
              "KeyId": "alias/aws/kinesis",
            },
          ],
        },
        "Tags": [
          {
            "Key": "gu:cdk:version",
            "Value": "TEST",
          },
          {
            "Key": "gu:repo",
            "Value": "guardian/cdk",
          },
          {
            "Key": "Stack",
            "Value": "test-stack",
          },
          {
            "Key": "Stage",
            "Value": "TEST",
          },
        ],
      },
      "Type": "AWS::Kinesis::Stream",
    },
  },
}
`;
