// Jest Snapshot v1, https://goo.gl/fbAQLP

exports[`GuKCLPolicy should match policy snapshot 1`] = `
"{
  "GuKCLPolicy9F96CFCB": {
    "Type": "AWS::IAM::Policy",
    "Properties": {
      "PolicyDocument": {
        "Statement": [
          {
            "Action": [
              "kinesis:DescribeStream",
              "kinesis:DescribeStreamSummary",
              "kinesis:RegisterStreamConsumer",
              "kinesis:GetRecords",
              "kinesis:GetShardIterator",
              "kinesis:ListShards"
            ],
            "Effect": "Allow",
            "Resource": {
              "Fn::Join": [
                "",
                [
                  "arn:aws:kinesis:",
                  {
                    "Ref": "AWS::Region"
                  },
                  ":",
                  {
                    "Ref": "AWS::AccountId"
                  },
                  ":stream/streamFoo"
                ]
              ]
            }
          },
          {
            "Action": [
              "kinesis:SubscribeToShard",
              "kinesis:DescribeStreamConsumer"
            ],
            "Effect": "Allow",
            "Resource": {
              "Fn::Join": [
                "",
                [
                  "arn:aws:kinesis:",
                  {
                    "Ref": "AWS::Region"
                  },
                  ":",
                  {
                    "Ref": "AWS::AccountId"
                  },
                  ":stream/streamFoo/consumer/*"
                ]
              ]
            }
          },
          {
            "Action": [
              "dynamodb:Scan",
              "dynamodb:CreateTable",
              "dynamodb:DescribeTable",
              "dynamodb:GetItem",
              "dynamodb:PutItem"
            ],
            "Effect": "Allow",
            "Resource": [
              {
                "Fn::Join": [
                  "",
                  [
                    "arn:aws:dynamodb:",
                    {
                      "Ref": "AWS::Region"
                    },
                    ":",
                    {
                      "Ref": "AWS::AccountId"
                    },
                    ":table/appBar"
                  ]
                ]
              },
              {
                "Fn::Join": [
                  "",
                  [
                    "arn:aws:dynamodb:",
                    {
                      "Ref": "AWS::Region"
                    },
                    ":",
                    {
                      "Ref": "AWS::AccountId"
                    },
                    ":table/appBar-WorkerMetricStats"
                  ]
                ]
              },
              {
                "Fn::Join": [
                  "",
                  [
                    "arn:aws:dynamodb:",
                    {
                      "Ref": "AWS::Region"
                    },
                    ":",
                    {
                      "Ref": "AWS::AccountId"
                    },
                    ":table/appBar-CoordinatorState"
                  ]
                ]
              }
            ]
          },
          {
            "Action": [
              "dynamodb:UpdateTable",
              "dynamodb:UpdateItem",
              "dynamodb:DeleteItem"
            ],
            "Effect": "Allow",
            "Resource": {
              "Fn::Join": [
                "",
                [
                  "arn:aws:dynamodb:",
                  {
                    "Ref": "AWS::Region"
                  },
                  ":",
                  {
                    "Ref": "AWS::AccountId"
                  },
                  ":table/appBar"
                ]
              ]
            }
          },
          {
            "Action": "dynamodb:Query",
            "Effect": "Allow",
            "Resource": {
              "Fn::Join": [
                "",
                [
                  "arn:aws:dynamodb:",
                  {
                    "Ref": "AWS::Region"
                  },
                  ":",
                  {
                    "Ref": "AWS::AccountId"
                  },
                  ":table/appBar/index/*"
                ]
              ]
            }
          },
          {
            "Action": "cloudwatch:PutMetricData",
            "Effect": "Allow",
            "Resource": {
              "Fn::Join": [
                "",
                [
                  "arn:aws:cloudwatch:",
                  {
                    "Ref": "AWS::Region"
                  },
                  ":",
                  {
                    "Ref": "AWS::AccountId"
                  },
                  ":*"
                ]
              ]
            }
          }
        ],
        "Version": "2012-10-17"
      },
      "PolicyName": "GuKCLPolicy9F96CFCB",
      "Roles": [
        {
          "Ref": "TestRole6C9272DF"
        }
      ]
    }
  }
}"
`;
