// Jest Snapshot v1, https://goo.gl/fbAQLP

exports[`The GuLogShippingPolicy singleton class will only be defined once in a stack, even when attached to multiple roles 1`] = `
{
  "Metadata": {
    "gu:cdk:constructs": [
      "GuStack",
      "GuLoggingStreamNameParameter",
      "GuLogShippingPolicy",
    ],
    "gu:cdk:version": "TEST",
  },
  "Parameters": {
    "LoggingStreamName": {
      "Default": "/account/services/logging.stream.name",
      "Description": "SSM parameter containing the Name (not ARN) on the kinesis stream",
      "Type": "AWS::SSM::Parameter::Value<String>",
    },
  },
  "Resources": {
    "GuLogShippingPolicy981BFE5A": {
      "Properties": {
        "PolicyDocument": {
          "Statement": [
            {
              "Action": [
                "kinesis:Describe*",
                "kinesis:Put*",
              ],
              "Effect": "Allow",
              "Resource": {
                "Fn::Join": [
                  "",
                  [
                    "arn:aws:kinesis:",
                    {
                      "Ref": "AWS::Region",
                    },
                    ":",
                    {
                      "Ref": "AWS::AccountId",
                    },
                    ":stream/",
                    {
                      "Ref": "LoggingStreamName",
                    },
                  ],
                ],
              },
            },
          ],
          "Version": "2012-10-17",
        },
        "PolicyName": "GuLogShippingPolicy981BFE5A",
        "Roles": [
          {
            "Ref": "MyFirstRoleAF66ED75",
          },
          {
            "Ref": "MySecondRoleB9F57405",
          },
        ],
      },
      "Type": "AWS::IAM::Policy",
    },
    "MyFirstRoleAF66ED75": {
      "Properties": {
        "AssumeRolePolicyDocument": {
          "Statement": [
            {
              "Action": "sts:AssumeRole",
              "Effect": "Allow",
              "Principal": {
                "Service": "ec2.amazonaws.com",
              },
            },
          ],
          "Version": "2012-10-17",
        },
        "Tags": [
          {
            "Key": "App",
            "Value": "testing",
          },
          {
            "Key": "gu:cdk:version",
            "Value": "TEST",
          },
          {
            "Key": "gu:repo",
            "Value": "guardian/cdk",
          },
          {
            "Key": "Stack",
            "Value": "test-stack",
          },
          {
            "Key": "Stage",
            "Value": "TEST",
          },
        ],
      },
      "Type": "AWS::IAM::Role",
    },
    "MySecondRoleB9F57405": {
      "Properties": {
        "AssumeRolePolicyDocument": {
          "Statement": [
            {
              "Action": "sts:AssumeRole",
              "Effect": "Allow",
              "Principal": {
                "Service": "ec2.amazonaws.com",
              },
            },
          ],
          "Version": "2012-10-17",
        },
        "Tags": [
          {
            "Key": "App",
            "Value": "testing",
          },
          {
            "Key": "gu:cdk:version",
            "Value": "TEST",
          },
          {
            "Key": "gu:repo",
            "Value": "guardian/cdk",
          },
          {
            "Key": "Stack",
            "Value": "test-stack",
          },
          {
            "Key": "Stage",
            "Value": "TEST",
          },
        ],
      },
      "Type": "AWS::IAM::Role",
    },
  },
}
`;
