// Jest Snapshot v1, https://goo.gl/fbAQLP

exports[`The GitHubActionsRole construct should create the correct resources with minimal config 1`] = `
Object {
  "Outputs": Object {
    "GithubActionsRoleGithubActionsRoleArnC13D9654": Object {
      "Value": Object {
        "Fn::GetAtt": Array [
          "GithubActionsRoleF5CC769F",
          "Arn",
        ],
      },
    },
  },
  "Parameters": Object {
    "Stage": Object {
      "AllowedValues": Array [
        "CODE",
        "PROD",
      ],
      "Default": "CODE",
      "Description": "Stage name",
      "Type": "String",
    },
  },
  "Resources": Object {
    "GetObjectsDE66E0D1": Object {
      "Properties": Object {
        "PolicyDocument": Object {
          "Statement": Array [
            Object {
              "Action": "s3:GetObject",
              "Effect": "Allow",
              "Resource": "arn:aws:s3:::super-secret-stuff/*",
            },
          ],
          "Version": "2012-10-17",
        },
        "PolicyName": "GetObjectsDE66E0D1",
        "Roles": Array [
          Object {
            "Ref": "GithubActionsRoleF5CC769F",
          },
        ],
      },
      "Type": "AWS::IAM::Policy",
    },
    "GithubActionsOidc": Object {
      "Properties": Object {
        "ClientIdList": Array [
          "sigstore",
        ],
        "ThumbprintList": Array [
          "6938fd4d98bab03faadb97b34396831e3780aea1",
        ],
        "Url": "https://token.actions.githubusercontent.com",
      },
      "Type": "AWS::IAM::OIDCProvider",
    },
    "GithubActionsRoleF5CC769F": Object {
      "Properties": Object {
        "AssumeRolePolicyDocument": Object {
          "Statement": Array [
            Object {
              "Action": "sts:AssumeRoleWithWebIdentity",
              "Condition": Object {
                "StringLike": Object {
                  "token.actions.githubusercontent.com:sub": "repo:guardian/*",
                },
              },
              "Effect": "Allow",
              "Principal": Object {
                "Federated": Object {
                  "Ref": "GithubActionsOidc",
                },
              },
            },
          ],
          "Version": "2012-10-17",
        },
        "Tags": Array [
          Object {
            "Key": "gu:cdk:version",
            "Value": "TEST",
          },
          Object {
            "Key": "gu:repo",
            "Value": "guardian/cdk",
          },
          Object {
            "Key": "Stack",
            "Value": "test-stack",
          },
          Object {
            "Key": "Stage",
            "Value": Object {
              "Ref": "Stage",
            },
          },
        ],
      },
      "Type": "AWS::IAM::Role",
    },
  },
}
`;
