// Jest Snapshot v1, https://goo.gl/fbAQLP

exports[`The GuFastlyLogsIamRole construct correctly wires up the policy 1`] = `
Object {
  "Parameters": Object {
    "FastlyCustomerId": Object {
      "Default": "/account/external/fastly/customer.id",
      "Description": "SSM parameter containing the Fastly Customer ID. Can be obtained from https://manage.fastly.com/account/company by an admin",
      "Type": "AWS::SSM::Parameter::Value<String>",
    },
  },
  "Resources": Object {
    "GuFastlyLogsIamRoleE2DAFAB3": Object {
      "Properties": Object {
        "AssumeRolePolicyDocument": Object {
          "Statement": Array [
            Object {
              "Action": "sts:AssumeRole",
              "Condition": Object {
                "StringEquals": Object {
                  "sts:ExternalId": Object {
                    "Ref": "FastlyCustomerId",
                  },
                },
              },
              "Effect": "Allow",
              "Principal": Object {
                "AWS": Object {
                  "Fn::Join": Array [
                    "",
                    Array [
                      "arn:",
                      Object {
                        "Ref": "AWS::Partition",
                      },
                      ":iam::717331877981:root",
                    ],
                  ],
                },
              },
            },
          ],
          "Version": "2012-10-17",
        },
        "Tags": Array [
          Object {
            "Key": "gu:cdk:version",
            "Value": "TEST",
          },
          Object {
            "Key": "gu:repo",
            "Value": "guardian/cdk",
          },
          Object {
            "Key": "Stack",
            "Value": "test-stack",
          },
          Object {
            "Key": "Stage",
            "Value": "TEST",
          },
        ],
      },
      "Type": "AWS::IAM::Role",
    },
    "GuFastlyLogsIamRolePolicy5BF3CDCA": Object {
      "Properties": Object {
        "PolicyDocument": Object {
          "Statement": Array [
            Object {
              "Action": "s3:PutObject",
              "Effect": "Allow",
              "Resource": "arn:aws:s3:::test/TEST/stack/app/*",
            },
          ],
          "Version": "2012-10-17",
        },
        "PolicyName": "GuFastlyLogsIamRolePolicy5BF3CDCA",
        "Roles": Array [
          Object {
            "Ref": "GuFastlyLogsIamRoleE2DAFAB3",
          },
        ],
      },
      "Type": "AWS::IAM::Policy",
    },
  },
}
`;
