// Jest Snapshot v1, https://goo.gl/fbAQLP

exports[`The GuS3Bucket construct should set the bucket's policy to 'retain' 1`] = `
Object {
  "Resources": Object {
    "MyBucketTest262E966E": Object {
      "DeletionPolicy": "Retain",
      "Properties": Object {
        "BucketName": "super-important-stuff",
        "PublicAccessBlockConfiguration": Object {
          "BlockPublicAcls": true,
          "BlockPublicPolicy": true,
          "IgnorePublicAcls": true,
          "RestrictPublicBuckets": true,
        },
        "Tags": Array [
          Object {
            "Key": "App",
            "Value": "test",
          },
          Object {
            "Key": "gu:cdk:version",
            "Value": "TEST",
          },
          Object {
            "Key": "gu:repo",
            "Value": "guardian/cdk",
          },
          Object {
            "Key": "Stack",
            "Value": "test-stack",
          },
          Object {
            "Key": "Stage",
            "Value": "TEST",
          },
        ],
      },
      "Type": "AWS::S3::Bucket",
      "UpdateReplacePolicy": "Retain",
    },
  },
}
`;
