// Jest Snapshot v1, https://goo.gl/fbAQLP

exports[`The GuEcsTask pattern should create the correct resources with lots of config 1`] = `
Object {
  "Mappings": Object {
    "ServiceprincipalMap": Object {
      "af-south-1": Object {
        "states": "states.af-south-1.amazonaws.com",
      },
      "ap-east-1": Object {
        "states": "states.ap-east-1.amazonaws.com",
      },
      "ap-northeast-1": Object {
        "states": "states.ap-northeast-1.amazonaws.com",
      },
      "ap-northeast-2": Object {
        "states": "states.ap-northeast-2.amazonaws.com",
      },
      "ap-northeast-3": Object {
        "states": "states.ap-northeast-3.amazonaws.com",
      },
      "ap-south-1": Object {
        "states": "states.ap-south-1.amazonaws.com",
      },
      "ap-southeast-1": Object {
        "states": "states.ap-southeast-1.amazonaws.com",
      },
      "ap-southeast-2": Object {
        "states": "states.ap-southeast-2.amazonaws.com",
      },
      "ap-southeast-3": Object {
        "states": "states.ap-southeast-3.amazonaws.com",
      },
      "ca-central-1": Object {
        "states": "states.ca-central-1.amazonaws.com",
      },
      "cn-north-1": Object {
        "states": "states.cn-north-1.amazonaws.com",
      },
      "cn-northwest-1": Object {
        "states": "states.cn-northwest-1.amazonaws.com",
      },
      "eu-central-1": Object {
        "states": "states.eu-central-1.amazonaws.com",
      },
      "eu-north-1": Object {
        "states": "states.eu-north-1.amazonaws.com",
      },
      "eu-south-1": Object {
        "states": "states.eu-south-1.amazonaws.com",
      },
      "eu-south-2": Object {
        "states": "states.eu-south-2.amazonaws.com",
      },
      "eu-west-1": Object {
        "states": "states.eu-west-1.amazonaws.com",
      },
      "eu-west-2": Object {
        "states": "states.eu-west-2.amazonaws.com",
      },
      "eu-west-3": Object {
        "states": "states.eu-west-3.amazonaws.com",
      },
      "me-south-1": Object {
        "states": "states.me-south-1.amazonaws.com",
      },
      "sa-east-1": Object {
        "states": "states.sa-east-1.amazonaws.com",
      },
      "us-east-1": Object {
        "states": "states.us-east-1.amazonaws.com",
      },
      "us-east-2": Object {
        "states": "states.us-east-2.amazonaws.com",
      },
      "us-gov-east-1": Object {
        "states": "states.us-gov-east-1.amazonaws.com",
      },
      "us-gov-west-1": Object {
        "states": "states.us-gov-west-1.amazonaws.com",
      },
      "us-iso-east-1": Object {
        "states": "states.amazonaws.com",
      },
      "us-iso-west-1": Object {
        "states": "states.amazonaws.com",
      },
      "us-isob-east-1": Object {
        "states": "states.amazonaws.com",
      },
      "us-west-1": Object {
        "states": "states.us-west-1.amazonaws.com",
      },
      "us-west-2": Object {
        "states": "states.us-west-2.amazonaws.com",
      },
    },
  },
  "Outputs": Object {
    "testecstaskecstestStateMachineArnOutput": Object {
      "Value": Object {
        "Ref": "testecstaskecstestStateMachineC0B6383F",
      },
    },
  },
  "Parameters": Object {
    "DistributionBucketName": Object {
      "Default": "/account/services/artifact.bucket",
      "Description": "SSM parameter containing the S3 bucket name holding distribution artifacts",
      "Type": "AWS::SSM::Parameter::Value<String>",
    },
  },
  "Resources": Object {
    "ecstestexecutionfailedC93F511B": Object {
      "Properties": Object {
        "ActionsEnabled": true,
        "AlarmActions": Array [
          "arn:something:else:here:we:goalarm-topic",
        ],
        "AlarmDescription": "ecs-test-TEST job failed ",
        "ComparisonOperator": "GreaterThanOrEqualToThreshold",
        "Dimensions": Array [
          Object {
            "Name": "StateMachineArn",
            "Value": Object {
              "Ref": "testecstaskecstestStateMachineC0B6383F",
            },
          },
        ],
        "EvaluationPeriods": 1,
        "MetricName": "ExecutionsFailed",
        "Namespace": "AWS/States",
        "Period": 3600,
        "Statistic": "Sum",
        "Threshold": 1,
        "TreatMissingData": "notBreaching",
      },
      "Type": "AWS::CloudWatch::Alarm",
    },
    "ecstesttimeoutFE335653": Object {
      "Properties": Object {
        "ActionsEnabled": true,
        "AlarmActions": Array [
          "arn:something:else:here:we:goalarm-topic",
        ],
        "AlarmDescription": "ecs-test-TEST job timed out ",
        "ComparisonOperator": "GreaterThanOrEqualToThreshold",
        "Dimensions": Array [
          Object {
            "Name": "StateMachineArn",
            "Value": Object {
              "Ref": "testecstaskecstestStateMachineC0B6383F",
            },
          },
        ],
        "EvaluationPeriods": 1,
        "MetricName": "ExecutionsTimedOut",
        "Namespace": "AWS/States",
        "Period": 3600,
        "Statistic": "Sum",
        "Threshold": 1,
        "TreatMissingData": "notBreaching",
      },
      "Type": "AWS::CloudWatch::Alarm",
    },
    "testecstaskecstestCluster71BC62CB": Object {
      "Properties": Object {
        "CapacityProviders": Array [
          "FARGATE",
          "FARGATE_SPOT",
        ],
        "Cluster": Object {
          "Ref": "testecstaskecstestClusterCBD4036C",
        },
        "DefaultCapacityProviderStrategy": Array [],
      },
      "Type": "AWS::ECS::ClusterCapacityProviderAssociations",
    },
    "testecstaskecstestClusterCBD4036C": Object {
      "Properties": Object {
        "ClusterName": "ecs-test-cluster-TEST",
        "Tags": Array [
          Object {
            "Key": "App",
            "Value": "ecs-test",
          },
          Object {
            "Key": "gu:cdk:version",
            "Value": "TEST",
          },
          Object {
            "Key": "gu:repo",
            "Value": "guardian/cdk",
          },
          Object {
            "Key": "Stack",
            "Value": "test-stack",
          },
          Object {
            "Key": "Stage",
            "Value": "TEST",
          },
        ],
      },
      "Type": "AWS::ECS::Cluster",
    },
    "testecstaskecstestStateMachineC0B6383F": Object {
      "DependsOn": Array [
        "testecstaskecstestStateMachineRoleDefaultPolicy81B8C5B5",
        "testecstaskecstestStateMachineRole93D08A02",
      ],
      "Properties": Object {
        "DefinitionString": Object {
          "Fn::Join": Array [
            "",
            Array [
              "{\\"StartAt\\":\\"test-ecs-task-ecs-test-task\\",\\"States\\":{\\"test-ecs-task-ecs-test-task\\":{\\"End\\":true,\\"Type\\":\\"Task\\",\\"TimeoutSeconds\\":3600,\\"ResultPath\\":null,\\"Resource\\":\\"arn:",
              Object {
                "Ref": "AWS::Partition",
              },
              ":states:::ecs:runTask.sync\\",\\"Parameters\\":{\\"Cluster\\":\\"",
              Object {
                "Fn::GetAtt": Array [
                  "testecstaskecstestClusterCBD4036C",
                  "Arn",
                ],
              },
              "\\",\\"TaskDefinition\\":\\"test-stack-TEST-ecs-test\\",\\"NetworkConfiguration\\":{\\"AwsvpcConfiguration\\":{\\"Subnets\\":[\\"abc-123\\"],\\"SecurityGroups\\":[\\"id-123\\"]}},\\"Overrides\\":{\\"ContainerOverrides\\":[{\\"Name\\":\\"test-ecs-task-ecs-test-TaskContainer\\"}]},\\"LaunchType\\":\\"FARGATE\\",\\"PlatformVersion\\":\\"LATEST\\"}}}}",
            ],
          ],
        },
        "RoleArn": Object {
          "Fn::GetAtt": Array [
            "testecstaskecstestStateMachineRole93D08A02",
            "Arn",
          ],
        },
        "StateMachineName": "ecs-test-TEST",
        "Tags": Array [
          Object {
            "Key": "App",
            "Value": "ecs-test",
          },
          Object {
            "Key": "gu:cdk:version",
            "Value": "TEST",
          },
          Object {
            "Key": "gu:repo",
            "Value": "guardian/cdk",
          },
          Object {
            "Key": "Stack",
            "Value": "test-stack",
          },
          Object {
            "Key": "Stage",
            "Value": "TEST",
          },
        ],
      },
      "Type": "AWS::StepFunctions::StateMachine",
    },
    "testecstaskecstestStateMachineRole93D08A02": Object {
      "Properties": Object {
        "AssumeRolePolicyDocument": Object {
          "Statement": Array [
            Object {
              "Action": "sts:AssumeRole",
              "Effect": "Allow",
              "Principal": Object {
                "Service": Object {
                  "Fn::FindInMap": Array [
                    "ServiceprincipalMap",
                    Object {
                      "Ref": "AWS::Region",
                    },
                    "states",
                  ],
                },
              },
            },
          ],
          "Version": "2012-10-17",
        },
        "Tags": Array [
          Object {
            "Key": "App",
            "Value": "ecs-test",
          },
          Object {
            "Key": "gu:cdk:version",
            "Value": "TEST",
          },
          Object {
            "Key": "gu:repo",
            "Value": "guardian/cdk",
          },
          Object {
            "Key": "Stack",
            "Value": "test-stack",
          },
          Object {
            "Key": "Stage",
            "Value": "TEST",
          },
        ],
      },
      "Type": "AWS::IAM::Role",
    },
    "testecstaskecstestStateMachineRoleDefaultPolicy81B8C5B5": Object {
      "Properties": Object {
        "PolicyDocument": Object {
          "Statement": Array [
            Object {
              "Action": "ecs:RunTask",
              "Effect": "Allow",
              "Resource": Object {
                "Fn::Join": Array [
                  "",
                  Array [
                    "arn:",
                    Object {
                      "Fn::Select": Array [
                        1,
                        Object {
                          "Fn::Split": Array [
                            ":",
                            Object {
                              "Ref": "testecstaskecstestTaskDefinition4BF687D5",
                            },
                          ],
                        },
                      ],
                    },
                    ":",
                    Object {
                      "Fn::Select": Array [
                        2,
                        Object {
                          "Fn::Split": Array [
                            ":",
                            Object {
                              "Ref": "testecstaskecstestTaskDefinition4BF687D5",
                            },
                          ],
                        },
                      ],
                    },
                    ":",
                    Object {
                      "Fn::Select": Array [
                        3,
                        Object {
                          "Fn::Split": Array [
                            ":",
                            Object {
                              "Ref": "testecstaskecstestTaskDefinition4BF687D5",
                            },
                          ],
                        },
                      ],
                    },
                    ":",
                    Object {
                      "Fn::Select": Array [
                        4,
                        Object {
                          "Fn::Split": Array [
                            ":",
                            Object {
                              "Ref": "testecstaskecstestTaskDefinition4BF687D5",
                            },
                          ],
                        },
                      ],
                    },
                    ":",
                    Object {
                      "Fn::Select": Array [
                        0,
                        Object {
                          "Fn::Split": Array [
                            "/",
                            Object {
                              "Fn::Select": Array [
                                5,
                                Object {
                                  "Fn::Split": Array [
                                    ":",
                                    Object {
                                      "Ref": "testecstaskecstestTaskDefinition4BF687D5",
                                    },
                                  ],
                                },
                              ],
                            },
                          ],
                        },
                      ],
                    },
                    "/",
                    Object {
                      "Fn::Select": Array [
                        1,
                        Object {
                          "Fn::Split": Array [
                            "/",
                            Object {
                              "Fn::Select": Array [
                                5,
                                Object {
                                  "Fn::Split": Array [
                                    ":",
                                    Object {
                                      "Ref": "testecstaskecstestTaskDefinition4BF687D5",
                                    },
                                  ],
                                },
                              ],
                            },
                          ],
                        },
                      ],
                    },
                  ],
                ],
              },
            },
            Object {
              "Action": Array [
                "ecs:StopTask",
                "ecs:DescribeTasks",
              ],
              "Effect": "Allow",
              "Resource": "*",
            },
            Object {
              "Action": "iam:PassRole",
              "Effect": "Allow",
              "Resource": Array [
                Object {
                  "Fn::GetAtt": Array [
                    "testecstaskecstestTaskDefinitionTaskRole4D626B6F",
                    "Arn",
                  ],
                },
                Object {
                  "Fn::GetAtt": Array [
                    "testecstaskecstestTaskDefinitionExecutionRoleF588BC50",
                    "Arn",
                  ],
                },
              ],
            },
            Object {
              "Action": Array [
                "events:PutTargets",
                "events:PutRule",
                "events:DescribeRule",
              ],
              "Effect": "Allow",
              "Resource": Object {
                "Fn::Join": Array [
                  "",
                  Array [
                    "arn:",
                    Object {
                      "Ref": "AWS::Partition",
                    },
                    ":events:",
                    Object {
                      "Ref": "AWS::Region",
                    },
                    ":",
                    Object {
                      "Ref": "AWS::AccountId",
                    },
                    ":rule/StepFunctionsGetEventsForECSTaskRule",
                  ],
                ],
              },
            },
          ],
          "Version": "2012-10-17",
        },
        "PolicyName": "testecstaskecstestStateMachineRoleDefaultPolicy81B8C5B5",
        "Roles": Array [
          Object {
            "Ref": "testecstaskecstestStateMachineRole93D08A02",
          },
        ],
      },
      "Type": "AWS::IAM::Policy",
    },
    "testecstaskecstestTaskDefinition4BF687D5": Object {
      "Properties": Object {
        "ContainerDefinitions": Array [
          Object {
            "Command": Array [
              "-c",
              "echo \\"yo ho row ho it's a pirates life for me\\"",
            ],
            "Cpu": 1024,
            "EntryPoint": Array [
              "/bin/sh",
            ],
            "Essential": true,
            "Image": "node:10",
            "LogConfiguration": Object {
              "LogDriver": "awslogs",
              "Options": Object {
                "awslogs-group": Object {
                  "Ref": "testecstaskecstestTaskDefinitiontestecstaskecstestTaskContainerLogGroup3F63585A",
                },
                "awslogs-region": Object {
                  "Ref": "AWS::Region",
                },
                "awslogs-stream-prefix": "ecs-test",
              },
            },
            "Memory": 1024,
            "Name": "test-ecs-task-ecs-test-TaskContainer",
          },
        ],
        "Cpu": "1024",
        "EphemeralStorage": Object {
          "SizeInGiB": 30,
        },
        "ExecutionRoleArn": Object {
          "Fn::GetAtt": Array [
            "testecstaskecstestTaskDefinitionExecutionRoleF588BC50",
            "Arn",
          ],
        },
        "Family": "test-stack-TEST-ecs-test",
        "Memory": "1024",
        "NetworkMode": "awsvpc",
        "RequiresCompatibilities": Array [
          "FARGATE",
        ],
        "Tags": Array [
          Object {
            "Key": "App",
            "Value": "ecs-test",
          },
          Object {
            "Key": "gu:cdk:version",
            "Value": "TEST",
          },
          Object {
            "Key": "gu:repo",
            "Value": "guardian/cdk",
          },
          Object {
            "Key": "Stack",
            "Value": "test-stack",
          },
          Object {
            "Key": "Stage",
            "Value": "TEST",
          },
        ],
        "TaskRoleArn": Object {
          "Fn::GetAtt": Array [
            "testecstaskecstestTaskDefinitionTaskRole4D626B6F",
            "Arn",
          ],
        },
      },
      "Type": "AWS::ECS::TaskDefinition",
    },
    "testecstaskecstestTaskDefinitionExecutionRoleDefaultPolicy85ED5386": Object {
      "Properties": Object {
        "PolicyDocument": Object {
          "Statement": Array [
            Object {
              "Action": Array [
                "logs:CreateLogStream",
                "logs:PutLogEvents",
              ],
              "Effect": "Allow",
              "Resource": Object {
                "Fn::GetAtt": Array [
                  "testecstaskecstestTaskDefinitiontestecstaskecstestTaskContainerLogGroup3F63585A",
                  "Arn",
                ],
              },
            },
          ],
          "Version": "2012-10-17",
        },
        "PolicyName": "testecstaskecstestTaskDefinitionExecutionRoleDefaultPolicy85ED5386",
        "Roles": Array [
          Object {
            "Ref": "testecstaskecstestTaskDefinitionExecutionRoleF588BC50",
          },
        ],
      },
      "Type": "AWS::IAM::Policy",
    },
    "testecstaskecstestTaskDefinitionExecutionRoleF588BC50": Object {
      "Properties": Object {
        "AssumeRolePolicyDocument": Object {
          "Statement": Array [
            Object {
              "Action": "sts:AssumeRole",
              "Effect": "Allow",
              "Principal": Object {
                "Service": "ecs-tasks.amazonaws.com",
              },
            },
          ],
          "Version": "2012-10-17",
        },
        "Tags": Array [
          Object {
            "Key": "App",
            "Value": "ecs-test",
          },
          Object {
            "Key": "gu:cdk:version",
            "Value": "TEST",
          },
          Object {
            "Key": "gu:repo",
            "Value": "guardian/cdk",
          },
          Object {
            "Key": "Stack",
            "Value": "test-stack",
          },
          Object {
            "Key": "Stage",
            "Value": "TEST",
          },
        ],
      },
      "Type": "AWS::IAM::Role",
    },
    "testecstaskecstestTaskDefinitionTaskRole4D626B6F": Object {
      "Properties": Object {
        "AssumeRolePolicyDocument": Object {
          "Statement": Array [
            Object {
              "Action": "sts:AssumeRole",
              "Effect": "Allow",
              "Principal": Object {
                "Service": "ecs-tasks.amazonaws.com",
              },
            },
          ],
          "Version": "2012-10-17",
        },
        "Tags": Array [
          Object {
            "Key": "App",
            "Value": "ecs-test",
          },
          Object {
            "Key": "gu:cdk:version",
            "Value": "TEST",
          },
          Object {
            "Key": "gu:repo",
            "Value": "guardian/cdk",
          },
          Object {
            "Key": "Stack",
            "Value": "test-stack",
          },
          Object {
            "Key": "Stage",
            "Value": "TEST",
          },
        ],
      },
      "Type": "AWS::IAM::Role",
    },
    "testecstaskecstestTaskDefinitionTaskRoleDefaultPolicy65D034C8": Object {
      "Properties": Object {
        "PolicyDocument": Object {
          "Statement": Array [
            Object {
              "Action": "s3:GetObject",
              "Effect": "Allow",
              "Resource": Object {
                "Fn::Join": Array [
                  "",
                  Array [
                    "arn:aws:s3:::",
                    Object {
                      "Ref": "DistributionBucketName",
                    },
                    "/test-stack/TEST/ecs-test/*",
                  ],
                ],
              },
            },
            Object {
              "Action": "s3:GetObject",
              "Effect": "Allow",
              "Resource": "databaseSecretArn",
            },
          ],
          "Version": "2012-10-17",
        },
        "PolicyName": "testecstaskecstestTaskDefinitionTaskRoleDefaultPolicy65D034C8",
        "Roles": Array [
          Object {
            "Ref": "testecstaskecstestTaskDefinitionTaskRole4D626B6F",
          },
        ],
      },
      "Type": "AWS::IAM::Policy",
    },
    "testecstaskecstestTaskDefinitiontestecstaskecstestTaskContainerLogGroup3F63585A": Object {
      "DeletionPolicy": "Retain",
      "Properties": Object {
        "RetentionInDays": 14,
        "Tags": Array [
          Object {
            "Key": "App",
            "Value": "ecs-test",
          },
          Object {
            "Key": "gu:cdk:version",
            "Value": "TEST",
          },
          Object {
            "Key": "gu:repo",
            "Value": "guardian/cdk",
          },
          Object {
            "Key": "Stack",
            "Value": "test-stack",
          },
          Object {
            "Key": "Stage",
            "Value": "TEST",
          },
        ],
      },
      "Type": "AWS::Logs::LogGroup",
      "UpdateReplacePolicy": "Retain",
    },
  },
}
`;
