// Jest Snapshot v1, https://goo.gl/fbAQLP

exports[`The GuEc2AppExperimental pattern matches the snapshot 1`] = `
{
  "Metadata": {
    "gu:cdk:constructs": [
      "GuStack",
      "GuDistributionBucketParameter",
      "GuVpcParameter",
      "GuSubnetListParameter",
      "GuSubnetListParameter",
      "GuEc2AppExperimental",
      "GuCertificate",
      "GuInstanceRole",
      "GuSsmSshPolicy",
      "GuDescribeEC2Policy",
      "GuLoggingStreamNameParameter",
      "GuLogShippingPolicy",
      "GuGetDistributablePolicy",
      "GuParameterStoreReadPolicy",
      "GuAmiParameter",
      "GuHttpsEgressSecurityGroup",
      "GuWazuhAccess",
      "GuAutoScalingGroup",
      "GuApplicationLoadBalancer",
      "GuApplicationTargetGroup",
      "GuHttpsApplicationListener",
    ],
    "gu:cdk:version": "TEST",
  },
  "Outputs": {
    "LoadBalancerTestguec2appDnsName": {
      "Description": "DNS entry for LoadBalancerTestguec2app",
      "Value": {
        "Fn::GetAtt": [
          "LoadBalancerTestguec2appC77A055C",
          "DNSName",
        ],
      },
    },
  },
  "Parameters": {
    "AMITestguec2app": {
      "Description": "Amazon Machine Image ID for the app test-gu-ec2-app. Use this in conjunction with AMIgo to keep AMIs up to date.",
      "Type": "AWS::EC2::Image::Id",
    },
    "DistributionBucketName": {
      "Default": "/account/services/artifact.bucket",
      "Description": "SSM parameter containing the S3 bucket name holding distribution artifacts",
      "Type": "AWS::SSM::Parameter::Value<String>",
    },
    "LoggingStreamName": {
      "Default": "/account/services/logging.stream.name",
      "Description": "SSM parameter containing the Name (not ARN) on the kinesis stream",
      "Type": "AWS::SSM::Parameter::Value<String>",
    },
    "VpcId": {
      "Default": "/account/vpc/primary/id",
      "Description": "Virtual Private Cloud to run EC2 instances within. Should NOT be the account default VPC.",
      "Type": "AWS::SSM::Parameter::Value<AWS::EC2::VPC::Id>",
    },
    "testguec2appPrivateSubnets": {
      "Default": "/account/vpc/primary/subnets/private",
      "Description": "A list of private subnets",
      "Type": "AWS::SSM::Parameter::Value<List<AWS::EC2::Subnet::Id>>",
    },
    "testguec2appPublicSubnets": {
      "Default": "/account/vpc/primary/subnets/public",
      "Description": "A list of public subnets",
      "Type": "AWS::SSM::Parameter::Value<List<AWS::EC2::Subnet::Id>>",
    },
  },
  "Resources": {
    "AsgRollingUpdatePolicy2A1DDC6F": {
      "Properties": {
        "PolicyDocument": {
          "Statement": [
            {
              "Action": "cloudformation:SignalResource",
              "Effect": "Allow",
              "Resource": {
                "Ref": "AWS::StackId",
              },
            },
            {
              "Action": "elasticloadbalancing:DescribeTargetHealth",
              "Effect": "Allow",
              "Resource": "*",
            },
          ],
          "Version": "2012-10-17",
        },
        "PolicyName": "AsgRollingUpdatePolicy2A1DDC6F",
        "Roles": [
          {
            "Ref": "InstanceRoleTestguec2appC325BE42",
          },
        ],
      },
      "Type": "AWS::IAM::Policy",
    },
    "AutoScalingGroupTestguec2appASG49EA1878": {
      "CreationPolicy": {
        "AutoScalingCreationPolicy": {
          "MinSuccessfulInstancesPercent": 100,
        },
        "ResourceSignal": {
          "Count": 1,
          "Timeout": "PT2M",
        },
      },
      "Properties": {
        "DesiredCapacity": "1",
        "HealthCheckGracePeriod": 120,
        "HealthCheckType": "ELB",
        "LaunchTemplate": {
          "LaunchTemplateId": {
            "Ref": "teststackTESTtestguec2appAA7F41BE",
          },
          "Version": {
            "Fn::GetAtt": [
              "teststackTESTtestguec2appAA7F41BE",
              "LatestVersionNumber",
            ],
          },
        },
        "MaxSize": "2",
        "MetricsCollection": [
          {
            "Granularity": "1Minute",
          },
        ],
        "MinSize": "1",
        "Tags": [
          {
            "Key": "App",
            "PropagateAtLaunch": true,
            "Value": "test-gu-ec2-app",
          },
          {
            "Key": "gu:cdk:version",
            "PropagateAtLaunch": true,
            "Value": "TEST",
          },
          {
            "Key": "gu:repo",
            "PropagateAtLaunch": true,
            "Value": "guardian/cdk",
          },
          {
            "Key": "LogKinesisStreamName",
            "PropagateAtLaunch": true,
            "Value": {
              "Ref": "LoggingStreamName",
            },
          },
          {
            "Key": "Stack",
            "PropagateAtLaunch": true,
            "Value": "test-stack",
          },
          {
            "Key": "Stage",
            "PropagateAtLaunch": true,
            "Value": "TEST",
          },
        ],
        "TargetGroupARNs": [
          {
            "Ref": "TargetGroupTestguec2app9F67D503",
          },
        ],
        "VPCZoneIdentifier": {
          "Ref": "testguec2appPrivateSubnets",
        },
      },
      "Type": "AWS::AutoScaling::AutoScalingGroup",
      "UpdatePolicy": {
        "AutoScalingRollingUpdate": {
          "MaxBatchSize": 2,
          "MinInstancesInService": 1,
          "MinSuccessfulInstancesPercent": 100,
          "PauseTime": "PT2M",
          "SuspendProcesses": [
            "AlarmNotification",
          ],
          "WaitOnResourceSignals": true,
        },
      },
    },
    "CertificateTestguec2app86EE2D42": {
      "DeletionPolicy": "Retain",
      "Properties": {
        "DomainName": "domain-name-for-your-application.example",
        "Tags": [
          {
            "Key": "App",
            "Value": "test-gu-ec2-app",
          },
          {
            "Key": "gu:cdk:version",
            "Value": "TEST",
          },
          {
            "Key": "gu:repo",
            "Value": "guardian/cdk",
          },
          {
            "Key": "Name",
            "Value": "Test/CertificateTestguec2app",
          },
          {
            "Key": "Stack",
            "Value": "test-stack",
          },
          {
            "Key": "Stage",
            "Value": "TEST",
          },
        ],
        "ValidationMethod": "DNS",
      },
      "Type": "AWS::CertificateManager::Certificate",
      "UpdateReplacePolicy": "Retain",
    },
    "DescribeEC2PolicyFF5F9295": {
      "Properties": {
        "PolicyDocument": {
          "Statement": [
            {
              "Action": [
                "autoscaling:DescribeAutoScalingInstances",
                "autoscaling:DescribeAutoScalingGroups",
                "ec2:DescribeTags",
                "ec2:DescribeInstances",
              ],
              "Effect": "Allow",
              "Resource": "*",
            },
          ],
          "Version": "2012-10-17",
        },
        "PolicyName": "describe-ec2-policy",
        "Roles": [
          {
            "Ref": "InstanceRoleTestguec2appC325BE42",
          },
        ],
      },
      "Type": "AWS::IAM::Policy",
    },
    "GetDistributablePolicyTestguec2app6A8D1854": {
      "Properties": {
        "PolicyDocument": {
          "Statement": [
            {
              "Action": "s3:GetObject",
              "Effect": "Allow",
              "Resource": {
                "Fn::Join": [
                  "",
                  [
                    "arn:aws:s3:::",
                    {
                      "Ref": "DistributionBucketName",
                    },
                    "/test-stack/TEST/test-gu-ec2-app/*",
                  ],
                ],
              },
            },
          ],
          "Version": "2012-10-17",
        },
        "PolicyName": "GetDistributablePolicyTestguec2app6A8D1854",
        "Roles": [
          {
            "Ref": "InstanceRoleTestguec2appC325BE42",
          },
        ],
      },
      "Type": "AWS::IAM::Policy",
    },
    "GuHttpsEgressSecurityGroupTestguec2appEBD7B195": {
      "Properties": {
        "GroupDescription": "Allow all outbound HTTPS traffic",
        "SecurityGroupEgress": [
          {
            "CidrIp": "0.0.0.0/0",
            "Description": "Allow all outbound HTTPS traffic",
            "FromPort": 443,
            "IpProtocol": "tcp",
            "ToPort": 443,
          },
        ],
        "Tags": [
          {
            "Key": "App",
            "Value": "test-gu-ec2-app",
          },
          {
            "Key": "gu:cdk:version",
            "Value": "TEST",
          },
          {
            "Key": "gu:repo",
            "Value": "guardian/cdk",
          },
          {
            "Key": "Stack",
            "Value": "test-stack",
          },
          {
            "Key": "Stage",
            "Value": "TEST",
          },
        ],
        "VpcId": {
          "Ref": "VpcId",
        },
      },
      "Type": "AWS::EC2::SecurityGroup",
    },
    "GuHttpsEgressSecurityGroupTestguec2appfromTestLoadBalancerTestguec2appSecurityGroup5F9E11C99000A9F74C7B": {
      "Properties": {
        "Description": "Load balancer to target",
        "FromPort": 9000,
        "GroupId": {
          "Fn::GetAtt": [
            "GuHttpsEgressSecurityGroupTestguec2appEBD7B195",
            "GroupId",
          ],
        },
        "IpProtocol": "tcp",
        "SourceSecurityGroupId": {
          "Fn::GetAtt": [
            "LoadBalancerTestguec2appSecurityGroupCC6F85C1",
            "GroupId",
          ],
        },
        "ToPort": 9000,
      },
      "Type": "AWS::EC2::SecurityGroupIngress",
    },
    "GuLogShippingPolicy981BFE5A": {
      "Properties": {
        "PolicyDocument": {
          "Statement": [
            {
              "Action": [
                "kinesis:Describe*",
                "kinesis:Put*",
              ],
              "Effect": "Allow",
              "Resource": {
                "Fn::Join": [
                  "",
                  [
                    "arn:aws:kinesis:",
                    {
                      "Ref": "AWS::Region",
                    },
                    ":",
                    {
                      "Ref": "AWS::AccountId",
                    },
                    ":stream/",
                    {
                      "Ref": "LoggingStreamName",
                    },
                  ],
                ],
              },
            },
          ],
          "Version": "2012-10-17",
        },
        "PolicyName": "GuLogShippingPolicy981BFE5A",
        "Roles": [
          {
            "Ref": "InstanceRoleTestguec2appC325BE42",
          },
        ],
      },
      "Type": "AWS::IAM::Policy",
    },
    "InstanceRoleTestguec2appC325BE42": {
      "Properties": {
        "AssumeRolePolicyDocument": {
          "Statement": [
            {
              "Action": "sts:AssumeRole",
              "Effect": "Allow",
              "Principal": {
                "Service": "ec2.amazonaws.com",
              },
            },
          ],
          "Version": "2012-10-17",
        },
        "Path": "/",
        "Tags": [
          {
            "Key": "App",
            "Value": "test-gu-ec2-app",
          },
          {
            "Key": "gu:cdk:version",
            "Value": "TEST",
          },
          {
            "Key": "gu:repo",
            "Value": "guardian/cdk",
          },
          {
            "Key": "Stack",
            "Value": "test-stack",
          },
          {
            "Key": "Stage",
            "Value": "TEST",
          },
        ],
      },
      "Type": "AWS::IAM::Role",
    },
    "ListenerTestguec2app4FBB034F": {
      "Properties": {
        "Certificates": [
          {
            "CertificateArn": {
              "Ref": "CertificateTestguec2app86EE2D42",
            },
          },
        ],
        "DefaultActions": [
          {
            "TargetGroupArn": {
              "Ref": "TargetGroupTestguec2app9F67D503",
            },
            "Type": "forward",
          },
        ],
        "LoadBalancerArn": {
          "Ref": "LoadBalancerTestguec2appC77A055C",
        },
        "Port": 443,
        "Protocol": "HTTPS",
        "SslPolicy": "ELBSecurityPolicy-TLS13-1-2-2021-06",
      },
      "Type": "AWS::ElasticLoadBalancingV2::Listener",
    },
    "LoadBalancerTestguec2appC77A055C": {
      "Properties": {
        "LoadBalancerAttributes": [
          {
            "Key": "deletion_protection.enabled",
            "Value": "true",
          },
          {
            "Key": "routing.http.x_amzn_tls_version_and_cipher_suite.enabled",
            "Value": "true",
          },
          {
            "Key": "routing.http.drop_invalid_header_fields.enabled",
            "Value": "true",
          },
        ],
        "Scheme": "internet-facing",
        "SecurityGroups": [
          {
            "Fn::GetAtt": [
              "LoadBalancerTestguec2appSecurityGroupCC6F85C1",
              "GroupId",
            ],
          },
        ],
        "Subnets": {
          "Ref": "testguec2appPublicSubnets",
        },
        "Tags": [
          {
            "Key": "App",
            "Value": "test-gu-ec2-app",
          },
          {
            "Key": "gu:cdk:version",
            "Value": "TEST",
          },
          {
            "Key": "gu:repo",
            "Value": "guardian/cdk",
          },
          {
            "Key": "Stack",
            "Value": "test-stack",
          },
          {
            "Key": "Stage",
            "Value": "TEST",
          },
        ],
        "Type": "application",
      },
      "Type": "AWS::ElasticLoadBalancingV2::LoadBalancer",
    },
    "LoadBalancerTestguec2appSecurityGroupCC6F85C1": {
      "Properties": {
        "GroupDescription": "Automatically created Security Group for ELB TestLoadBalancerTestguec2app8CD12AE9",
        "SecurityGroupIngress": [
          {
            "CidrIp": "0.0.0.0/0",
            "Description": "Allow from anyone on port 443",
            "FromPort": 443,
            "IpProtocol": "tcp",
            "ToPort": 443,
          },
        ],
        "Tags": [
          {
            "Key": "App",
            "Value": "test-gu-ec2-app",
          },
          {
            "Key": "gu:cdk:version",
            "Value": "TEST",
          },
          {
            "Key": "gu:repo",
            "Value": "guardian/cdk",
          },
          {
            "Key": "Stack",
            "Value": "test-stack",
          },
          {
            "Key": "Stage",
            "Value": "TEST",
          },
        ],
        "VpcId": {
          "Ref": "VpcId",
        },
      },
      "Type": "AWS::EC2::SecurityGroup",
    },
    "LoadBalancerTestguec2appSecurityGrouptoTestGuHttpsEgressSecurityGroupTestguec2appE5EE51F5900063A5B571": {
      "Properties": {
        "Description": "Load balancer to target",
        "DestinationSecurityGroupId": {
          "Fn::GetAtt": [
            "GuHttpsEgressSecurityGroupTestguec2appEBD7B195",
            "GroupId",
          ],
        },
        "FromPort": 9000,
        "GroupId": {
          "Fn::GetAtt": [
            "LoadBalancerTestguec2appSecurityGroupCC6F85C1",
            "GroupId",
          ],
        },
        "IpProtocol": "tcp",
        "ToPort": 9000,
      },
      "Type": "AWS::EC2::SecurityGroupEgress",
    },
    "LoadBalancerTestguec2appSecurityGrouptoTestWazuhSecurityGroup8092AEDC9000720EFF26": {
      "Properties": {
        "Description": "Load balancer to target",
        "DestinationSecurityGroupId": {
          "Fn::GetAtt": [
            "WazuhSecurityGroup",
            "GroupId",
          ],
        },
        "FromPort": 9000,
        "GroupId": {
          "Fn::GetAtt": [
            "LoadBalancerTestguec2appSecurityGroupCC6F85C1",
            "GroupId",
          ],
        },
        "IpProtocol": "tcp",
        "ToPort": 9000,
      },
      "Type": "AWS::EC2::SecurityGroupEgress",
    },
    "ParameterStoreReadTestguec2app072DCDE1": {
      "Properties": {
        "PolicyDocument": {
          "Statement": [
            {
              "Action": "ssm:GetParametersByPath",
              "Effect": "Allow",
              "Resource": {
                "Fn::Join": [
                  "",
                  [
                    "arn:aws:ssm:",
                    {
                      "Ref": "AWS::Region",
                    },
                    ":",
                    {
                      "Ref": "AWS::AccountId",
                    },
                    ":parameter/TEST/test-stack/test-gu-ec2-app",
                  ],
                ],
              },
            },
            {
              "Action": [
                "ssm:GetParameters",
                "ssm:GetParameter",
              ],
              "Effect": "Allow",
              "Resource": {
                "Fn::Join": [
                  "",
                  [
                    "arn:aws:ssm:",
                    {
                      "Ref": "AWS::Region",
                    },
                    ":",
                    {
                      "Ref": "AWS::AccountId",
                    },
                    ":parameter/TEST/test-stack/test-gu-ec2-app/*",
                  ],
                ],
              },
            },
          ],
          "Version": "2012-10-17",
        },
        "PolicyName": "parameter-store-read-policy",
        "Roles": [
          {
            "Ref": "InstanceRoleTestguec2appC325BE42",
          },
        ],
      },
      "Type": "AWS::IAM::Policy",
    },
    "SsmSshPolicy4CFC977E": {
      "Properties": {
        "PolicyDocument": {
          "Statement": [
            {
              "Action": [
                "ec2messages:AcknowledgeMessage",
                "ec2messages:DeleteMessage",
                "ec2messages:FailMessage",
                "ec2messages:GetEndpoint",
                "ec2messages:GetMessages",
                "ec2messages:SendReply",
                "ssm:UpdateInstanceInformation",
                "ssm:ListInstanceAssociations",
                "ssm:DescribeInstanceProperties",
                "ssm:DescribeDocumentParameters",
                "ssmmessages:CreateControlChannel",
                "ssmmessages:CreateDataChannel",
                "ssmmessages:OpenControlChannel",
                "ssmmessages:OpenDataChannel",
              ],
              "Effect": "Allow",
              "Resource": "*",
            },
          ],
          "Version": "2012-10-17",
        },
        "PolicyName": "ssm-ssh-policy",
        "Roles": [
          {
            "Ref": "InstanceRoleTestguec2appC325BE42",
          },
        ],
      },
      "Type": "AWS::IAM::Policy",
    },
    "TargetGroupTestguec2app9F67D503": {
      "Properties": {
        "HealthCheckIntervalSeconds": 10,
        "HealthCheckPath": "/healthcheck",
        "HealthCheckProtocol": "HTTP",
        "HealthCheckTimeoutSeconds": 5,
        "HealthyThresholdCount": 5,
        "Port": 9000,
        "Protocol": "HTTP",
        "Tags": [
          {
            "Key": "App",
            "Value": "test-gu-ec2-app",
          },
          {
            "Key": "gu:cdk:version",
            "Value": "TEST",
          },
          {
            "Key": "gu:repo",
            "Value": "guardian/cdk",
          },
          {
            "Key": "Stack",
            "Value": "test-stack",
          },
          {
            "Key": "Stage",
            "Value": "TEST",
          },
        ],
        "TargetGroupAttributes": [
          {
            "Key": "deregistration_delay.timeout_seconds",
            "Value": "30",
          },
          {
            "Key": "stickiness.enabled",
            "Value": "false",
          },
        ],
        "TargetType": "instance",
        "UnhealthyThresholdCount": 2,
        "VpcId": {
          "Ref": "VpcId",
        },
      },
      "Type": "AWS::ElasticLoadBalancingV2::TargetGroup",
    },
    "WazuhSecurityGroup": {
      "Properties": {
        "GroupDescription": "Allow outbound traffic from wazuh agent to manager",
        "SecurityGroupEgress": [
          {
            "CidrIp": "0.0.0.0/0",
            "Description": "Wazuh event logging",
            "FromPort": 1514,
            "IpProtocol": "tcp",
            "ToPort": 1514,
          },
          {
            "CidrIp": "0.0.0.0/0",
            "Description": "Wazuh agent registration",
            "FromPort": 1515,
            "IpProtocol": "tcp",
            "ToPort": 1515,
          },
        ],
        "Tags": [
          {
            "Key": "gu:cdk:version",
            "Value": "TEST",
          },
          {
            "Key": "gu:repo",
            "Value": "guardian/cdk",
          },
          {
            "Key": "Stack",
            "Value": "test-stack",
          },
          {
            "Key": "Stage",
            "Value": "TEST",
          },
        ],
        "VpcId": {
          "Ref": "VpcId",
        },
      },
      "Type": "AWS::EC2::SecurityGroup",
    },
    "WazuhSecurityGroupfromTestLoadBalancerTestguec2appSecurityGroup5F9E11C99000BB163DB4": {
      "Properties": {
        "Description": "Load balancer to target",
        "FromPort": 9000,
        "GroupId": {
          "Fn::GetAtt": [
            "WazuhSecurityGroup",
            "GroupId",
          ],
        },
        "IpProtocol": "tcp",
        "SourceSecurityGroupId": {
          "Fn::GetAtt": [
            "LoadBalancerTestguec2appSecurityGroupCC6F85C1",
            "GroupId",
          ],
        },
        "ToPort": 9000,
      },
      "Type": "AWS::EC2::SecurityGroupIngress",
    },
    "teststackTESTtestguec2appAA7F41BE": {
      "DependsOn": [
        "InstanceRoleTestguec2appC325BE42",
      ],
      "Properties": {
        "LaunchTemplateData": {
          "IamInstanceProfile": {
            "Arn": {
              "Fn::GetAtt": [
                "teststackTESTtestguec2appProfileC5759753",
                "Arn",
              ],
            },
          },
          "ImageId": {
            "Ref": "AMITestguec2app",
          },
          "InstanceType": "t4g.medium",
          "MetadataOptions": {
            "HttpTokens": "required",
            "InstanceMetadataTags": "enabled",
          },
          "SecurityGroupIds": [
            {
              "Fn::GetAtt": [
                "GuHttpsEgressSecurityGroupTestguec2appEBD7B195",
                "GroupId",
              ],
            },
            {
              "Fn::GetAtt": [
                "WazuhSecurityGroup",
                "GroupId",
              ],
            },
          ],
          "TagSpecifications": [
            {
              "ResourceType": "instance",
              "Tags": [
                {
                  "Key": "App",
                  "Value": "test-gu-ec2-app",
                },
                {
                  "Key": "gu:cdk:version",
                  "Value": "TEST",
                },
                {
                  "Key": "gu:repo",
                  "Value": "guardian/cdk",
                },
                {
                  "Key": "Name",
                  "Value": "Test/test-stack-TEST-test-gu-ec2-app",
                },
                {
                  "Key": "Stack",
                  "Value": "test-stack",
                },
                {
                  "Key": "Stage",
                  "Value": "TEST",
                },
              ],
            },
            {
              "ResourceType": "volume",
              "Tags": [
                {
                  "Key": "App",
                  "Value": "test-gu-ec2-app",
                },
                {
                  "Key": "gu:cdk:version",
                  "Value": "TEST",
                },
                {
                  "Key": "gu:repo",
                  "Value": "guardian/cdk",
                },
                {
                  "Key": "Name",
                  "Value": "Test/test-stack-TEST-test-gu-ec2-app",
                },
                {
                  "Key": "Stack",
                  "Value": "test-stack",
                },
                {
                  "Key": "Stage",
                  "Value": "TEST",
                },
              ],
            },
          ],
          "UserData": {
            "Fn::Base64": {
              "Fn::Join": [
                "",
                [
                  "#!/bin/bash
function exitTrap(){
exitCode=$?

        cfn-signal --stack ",
                  {
                    "Ref": "AWS::StackId",
                  },
                  "           --resource AutoScalingGroupTestguec2appASG49EA1878           --region ",
                  {
                    "Ref": "AWS::Region",
                  },
                  "           --exit-code $exitCode || echo 'Failed to send Cloudformation Signal'
        
}
trap exitTrap EXIT
mkdir -p $(dirname '/test-gu-ec2-app/test-gu-ec2-app-123.deb')
aws s3 cp 's3://",
                  {
                    "Ref": "DistributionBucketName",
                  },
                  "/test-stack/TEST/test-gu-ec2-app/test-gu-ec2-app-123.deb' '/test-gu-ec2-app/test-gu-ec2-app-123.deb'
dpkg -i /test-gu-ec2-app/test-gu-ec2-app-123.deb
# GuEc2AppExperimental UserData Start

      TOKEN=$(curl -X PUT "http://169.254.169.254/latest/api/token" -H "X-aws-ec2-metadata-token-ttl-seconds: 21600")
      INSTANCE_ID=$(curl -H "X-aws-ec2-metadata-token: $TOKEN" "http://169.254.169.254/latest/meta-data/instance-id")

      STATE=$(aws elbv2 describe-target-health         --target-group-arn ",
                  {
                    "Ref": "TargetGroupTestguec2app9F67D503",
                  },
                  "         --region ",
                  {
                    "Ref": "AWS::Region",
                  },
                  "         --targets Id=$INSTANCE_ID,Port=9000         --query "TargetHealthDescriptions[0].TargetHealth.State")

      until [ "$STATE" == "\\"healthy\\"" ]; do
        echo "Instance not yet healthy within target group. Current state $STATE. Sleeping..."
        sleep 5
        STATE=$(aws elbv2 describe-target-health           --target-group-arn ",
                  {
                    "Ref": "TargetGroupTestguec2app9F67D503",
                  },
                  "           --region ",
                  {
                    "Ref": "AWS::Region",
                  },
                  "           --targets Id=$INSTANCE_ID,Port=9000           --query "TargetHealthDescriptions[0].TargetHealth.State")
      done

      echo "Instance is healthy in target group."
      
# GuEc2AppExperimental UserData End",
                ],
              ],
            },
          },
        },
        "TagSpecifications": [
          {
            "ResourceType": "launch-template",
            "Tags": [
              {
                "Key": "App",
                "Value": "test-gu-ec2-app",
              },
              {
                "Key": "gu:cdk:version",
                "Value": "TEST",
              },
              {
                "Key": "gu:repo",
                "Value": "guardian/cdk",
              },
              {
                "Key": "Name",
                "Value": "Test/test-stack-TEST-test-gu-ec2-app",
              },
              {
                "Key": "Stack",
                "Value": "test-stack",
              },
              {
                "Key": "Stage",
                "Value": "TEST",
              },
            ],
          },
        ],
      },
      "Type": "AWS::EC2::LaunchTemplate",
    },
    "teststackTESTtestguec2appProfileC5759753": {
      "Properties": {
        "Roles": [
          {
            "Ref": "InstanceRoleTestguec2appC325BE42",
          },
        ],
      },
      "Type": "AWS::IAM::InstanceProfile",
    },
  },
}
`;
