// Jest Snapshot v1, https://goo.gl/fbAQLP

exports[`The GuKinesisLambda pattern should create the correct resources for a new stack with minimal config 1`] = `
{
  "Metadata": {
    "gu:cdk:constructs": [
      "GuStack",
      "GuDistributionBucketParameter",
      "GuKinesisLambdaExperimental",
      "GuKinesisStream",
    ],
    "gu:cdk:version": "TEST",
  },
  "Parameters": {
    "DistributionBucketName": {
      "Default": "/account/services/artifact.bucket",
      "Description": "SSM parameter containing the S3 bucket name holding distribution artifacts",
      "Type": "AWS::SSM::Parameter::Value<String>",
    },
  },
  "Resources": {
    "KinesisStream46752A3E": {
      "DeletionPolicy": "Retain",
      "Properties": {
        "RetentionPeriodHours": 24,
        "ShardCount": 1,
        "StreamEncryption": {
          "EncryptionType": "KMS",
          "KeyId": "alias/aws/kinesis",
        },
        "Tags": [
          {
            "Key": "App",
            "Value": "testing",
          },
          {
            "Key": "gu:cdk:version",
            "Value": "TEST",
          },
          {
            "Key": "gu:repo",
            "Value": "guardian/cdk",
          },
          {
            "Key": "Stack",
            "Value": "test-stack",
          },
          {
            "Key": "Stage",
            "Value": "TEST",
          },
        ],
      },
      "Type": "AWS::Kinesis::Stream",
      "UpdateReplacePolicy": "Retain",
    },
    "mylambdafunction8D341B54": {
      "DependsOn": [
        "mylambdafunctionServiceRoleDefaultPolicy769897D4",
        "mylambdafunctionServiceRoleE82C2E25",
      ],
      "Properties": {
        "Code": {
          "S3Bucket": {
            "Ref": "DistributionBucketName",
          },
          "S3Key": "test-stack/TEST/testing/lambda.zip",
        },
        "Environment": {
          "Variables": {
            "APP": "testing",
            "STACK": "test-stack",
            "STAGE": "TEST",
          },
        },
        "FunctionName": "my-lambda-function",
        "Handler": "my-lambda/handler",
        "LoggingConfig": {
          "LogFormat": "JSON",
          "LogGroup": {
            "Ref": "mylambdafunctionloggroup37C4E2CC",
          },
        },
        "MemorySize": 512,
        "Role": {
          "Fn::GetAtt": [
            "mylambdafunctionServiceRoleE82C2E25",
            "Arn",
          ],
        },
        "Runtime": "nodejs12.x",
        "Tags": [
          {
            "Key": "App",
            "Value": "testing",
          },
          {
            "Key": "gu:cdk:version",
            "Value": "TEST",
          },
          {
            "Key": "gu:repo",
            "Value": "guardian/cdk",
          },
          {
            "Key": "Stack",
            "Value": "test-stack",
          },
          {
            "Key": "Stage",
            "Value": "TEST",
          },
        ],
        "Timeout": 30,
      },
      "Type": "AWS::Lambda::Function",
    },
    "mylambdafunctionKinesisEventSourceTestKinesisStream4CAC6550FA5E175D": {
      "Properties": {
        "BatchSize": 100,
        "BisectBatchOnFunctionError": false,
        "EventSourceArn": {
          "Fn::GetAtt": [
            "KinesisStream46752A3E",
            "Arn",
          ],
        },
        "FunctionName": {
          "Ref": "mylambdafunction8D341B54",
        },
        "MaximumRetryAttempts": 1,
        "StartingPosition": "LATEST",
      },
      "Type": "AWS::Lambda::EventSourceMapping",
    },
    "mylambdafunctionServiceRoleDefaultPolicy769897D4": {
      "Properties": {
        "PolicyDocument": {
          "Statement": [
            {
              "Action": [
                "s3:GetObject*",
                "s3:GetBucket*",
                "s3:List*",
              ],
              "Effect": "Allow",
              "Resource": [
                {
                  "Fn::Join": [
                    "",
                    [
                      "arn:",
                      {
                        "Ref": "AWS::Partition",
                      },
                      ":s3:::",
                      {
                        "Ref": "DistributionBucketName",
                      },
                    ],
                  ],
                },
                {
                  "Fn::Join": [
                    "",
                    [
                      "arn:",
                      {
                        "Ref": "AWS::Partition",
                      },
                      ":s3:::",
                      {
                        "Ref": "DistributionBucketName",
                      },
                      "/test-stack/TEST/testing/lambda.zip",
                    ],
                  ],
                },
              ],
            },
            {
              "Action": [
                "logs:CreateLogStream",
                "logs:PutLogEvents",
              ],
              "Effect": "Allow",
              "Resource": {
                "Fn::GetAtt": [
                  "mylambdafunctionloggroup37C4E2CC",
                  "Arn",
                ],
              },
            },
            {
              "Action": "ssm:GetParametersByPath",
              "Effect": "Allow",
              "Resource": {
                "Fn::Join": [
                  "",
                  [
                    "arn:aws:ssm:",
                    {
                      "Ref": "AWS::Region",
                    },
                    ":",
                    {
                      "Ref": "AWS::AccountId",
                    },
                    ":parameter/TEST/test-stack/testing",
                  ],
                ],
              },
            },
            {
              "Action": [
                "ssm:GetParameters",
                "ssm:GetParameter",
              ],
              "Effect": "Allow",
              "Resource": {
                "Fn::Join": [
                  "",
                  [
                    "arn:aws:ssm:",
                    {
                      "Ref": "AWS::Region",
                    },
                    ":",
                    {
                      "Ref": "AWS::AccountId",
                    },
                    ":parameter/TEST/test-stack/testing/*",
                  ],
                ],
              },
            },
            {
              "Action": [
                "kinesis:DescribeStreamSummary",
                "kinesis:GetRecords",
                "kinesis:GetShardIterator",
                "kinesis:ListShards",
                "kinesis:SubscribeToShard",
                "kinesis:DescribeStream",
                "kinesis:ListStreams",
                "kinesis:DescribeStreamConsumer",
              ],
              "Effect": "Allow",
              "Resource": {
                "Fn::GetAtt": [
                  "KinesisStream46752A3E",
                  "Arn",
                ],
              },
            },
            {
              "Action": "kinesis:DescribeStream",
              "Effect": "Allow",
              "Resource": {
                "Fn::GetAtt": [
                  "KinesisStream46752A3E",
                  "Arn",
                ],
              },
            },
          ],
          "Version": "2012-10-17",
        },
        "PolicyName": "mylambdafunctionServiceRoleDefaultPolicy769897D4",
        "Roles": [
          {
            "Ref": "mylambdafunctionServiceRoleE82C2E25",
          },
        ],
      },
      "Type": "AWS::IAM::Policy",
    },
    "mylambdafunctionServiceRoleE82C2E25": {
      "Properties": {
        "AssumeRolePolicyDocument": {
          "Statement": [
            {
              "Action": "sts:AssumeRole",
              "Effect": "Allow",
              "Principal": {
                "Service": "lambda.amazonaws.com",
              },
            },
          ],
          "Version": "2012-10-17",
        },
        "ManagedPolicyArns": [
          {
            "Fn::Join": [
              "",
              [
                "arn:",
                {
                  "Ref": "AWS::Partition",
                },
                ":iam::aws:policy/service-role/AWSLambdaBasicExecutionRole",
              ],
            ],
          },
        ],
        "Tags": [
          {
            "Key": "App",
            "Value": "testing",
          },
          {
            "Key": "gu:cdk:version",
            "Value": "TEST",
          },
          {
            "Key": "gu:repo",
            "Value": "guardian/cdk",
          },
          {
            "Key": "Stack",
            "Value": "test-stack",
          },
          {
            "Key": "Stage",
            "Value": "TEST",
          },
        ],
      },
      "Type": "AWS::IAM::Role",
    },
    "mylambdafunctionloggroup37C4E2CC": {
      "DeletionPolicy": "Retain",
      "Properties": {
        "LogGroupName": "/aws/lambda/my-lambda-function",
        "RetentionInDays": 14,
        "Tags": [
          {
            "Key": "App",
            "Value": "testing",
          },
          {
            "Key": "gu:cdk:version",
            "Value": "TEST",
          },
          {
            "Key": "gu:repo",
            "Value": "guardian/cdk",
          },
          {
            "Key": "Stack",
            "Value": "test-stack",
          },
          {
            "Key": "Stage",
            "Value": "TEST",
          },
        ],
      },
      "Type": "AWS::Logs::LogGroup",
      "UpdateReplacePolicy": "Retain",
    },
  },
}
`;
